Component: ARM Compiler 5.06 update 7 (build 960) Tool: armlink [4d3601]

==============================================================================

Section Cross References

    startup_stm32h723xx.o(RESET) refers to startup_stm32h723xx.o(STACK) for __initial_sp
    startup_stm32h723xx.o(RESET) refers to startup_stm32h723xx.o(.text) for Reset_Handler
    startup_stm32h723xx.o(RESET) refers to stm32h7xx_it.o(i.NMI_Handler) for NMI_Handler
    startup_stm32h723xx.o(RESET) refers to stm32h7xx_it.o(i.HardFault_Handler) for HardFault_Handler
    startup_stm32h723xx.o(RESET) refers to stm32h7xx_it.o(i.MemManage_Handler) for MemManage_Handler
    startup_stm32h723xx.o(RESET) refers to stm32h7xx_it.o(i.BusFault_Handler) for BusFault_Handler
    startup_stm32h723xx.o(RESET) refers to stm32h7xx_it.o(i.UsageFault_Handler) for UsageFault_Handler
    startup_stm32h723xx.o(RESET) refers to port.o(.emb_text) for SVC_Handler
    startup_stm32h723xx.o(RESET) refers to stm32h7xx_it.o(i.DebugMon_Handler) for DebugMon_Handler
    startup_stm32h723xx.o(RESET) refers to port.o(i.SysTick_Handler) for SysTick_Handler
    startup_stm32h723xx.o(RESET) refers to stm32h7xx_it.o(i.DMA1_Stream0_IRQHandler) for DMA1_Stream0_IRQHandler
    startup_stm32h723xx.o(RESET) refers to stm32h7xx_it.o(i.FDCAN1_IT0_IRQHandler) for FDCAN1_IT0_IRQHandler
    startup_stm32h723xx.o(RESET) refers to stm32h7xx_it.o(i.FDCAN2_IT0_IRQHandler) for FDCAN2_IT0_IRQHandler
    startup_stm32h723xx.o(RESET) refers to stm32h7xx_it.o(i.FDCAN1_IT1_IRQHandler) for FDCAN1_IT1_IRQHandler
    startup_stm32h723xx.o(RESET) refers to stm32h7xx_it.o(i.FDCAN2_IT1_IRQHandler) for FDCAN2_IT1_IRQHandler
    startup_stm32h723xx.o(RESET) refers to stm32h7xx_it.o(i.USART1_IRQHandler) for USART1_IRQHandler
    startup_stm32h723xx.o(RESET) refers to stm32h7xx_it.o(i.USART2_IRQHandler) for USART2_IRQHandler
    startup_stm32h723xx.o(RESET) refers to stm32h7xx_it.o(i.USART3_IRQHandler) for USART3_IRQHandler
    startup_stm32h723xx.o(RESET) refers to stm32h7xx_it.o(i.OTG_HS_IRQHandler) for OTG_HS_IRQHandler
    startup_stm32h723xx.o(RESET) refers to stm32h7xx_it.o(i.UART7_IRQHandler) for UART7_IRQHandler
    startup_stm32h723xx.o(RESET) refers to stm32h7xx_it.o(i.USART10_IRQHandler) for USART10_IRQHandler
    startup_stm32h723xx.o(RESET) refers to stm32h7xx_it.o(i.FDCAN3_IT0_IRQHandler) for FDCAN3_IT0_IRQHandler
    startup_stm32h723xx.o(RESET) refers to stm32h7xx_it.o(i.FDCAN3_IT1_IRQHandler) for FDCAN3_IT1_IRQHandler
    startup_stm32h723xx.o(RESET) refers to stm32h7xx_it.o(i.TIM23_IRQHandler) for TIM23_IRQHandler
    startup_stm32h723xx.o(.text) refers to system_stm32h7xx.o(i.SystemInit) for SystemInit
    startup_stm32h723xx.o(.text) refers to entry.o(.ARM.Collect$$$$00000000) for __main
    vofa.o(i.vofa_demo) refers to sin.o(i.__hardfp_sin) for __hardfp_sin
    vofa.o(i.vofa_demo) refers to vofa.o(i.vofa_send_data) for vofa_send_data
    vofa.o(i.vofa_demo) refers to vofa.o(i.vofa_sendframetail) for vofa_sendframetail
    vofa.o(i.vofa_demo) refers to vofa.o(.data) for scnt
    vofa.o(i.vofa_send_data) refers to vofa.o(.data) for cnt
    vofa.o(i.vofa_send_data) refers to vofa.o(.bss) for send_buf
    vofa.o(i.vofa_sendframetail) refers to vofa.o(i.vofa_transmit) for vofa_transmit
    vofa.o(i.vofa_sendframetail) refers to vofa.o(.data) for cnt
    vofa.o(i.vofa_sendframetail) refers to vofa.o(.bss) for send_buf
    vofa.o(i.vofa_start) refers to vofa.o(i.vofa_demo) for vofa_demo
    vofa.o(i.vofa_transmit) refers to usbd_cdc_if.o(i.CDC_Transmit_HS) for CDC_Transmit_HS
    main.o(i.HAL_TIM_PeriodElapsedCallback) refers to stm32h7xx_hal.o(i.HAL_IncTick) for HAL_IncTick
    main.o(i.OSPI_W25Qxx_Test) refers to stm32h7xx_hal.o(i.HAL_GetTick) for HAL_GetTick
    main.o(i.OSPI_W25Qxx_Test) refers to w25q64.o(i.OSPI_W25Qxx_BlockErase_32K) for OSPI_W25Qxx_BlockErase_32K
    main.o(i.OSPI_W25Qxx_Test) refers to printfa.o(i.__0printf) for __2printf
    main.o(i.OSPI_W25Qxx_Test) refers to w25q64.o(i.OSPI_W25Qxx_WriteBuffer) for OSPI_W25Qxx_WriteBuffer
    main.o(i.OSPI_W25Qxx_Test) refers to w25q64.o(i.OSPI_W25Qxx_ReadBuffer) for OSPI_W25Qxx_ReadBuffer
    main.o(i.OSPI_W25Qxx_Test) refers to main.o(.data) for OSPI_Status
    main.o(i.OSPI_W25Qxx_Test) refers to main.o(.bss) for W25Qxx_WriteBuffer
    main.o(i.OSPI_W25Qxx_Test) refers to main.o(.conststring) for .conststring
    main.o(i.SystemClock_Config) refers to memseta.o(.text) for __aeabi_memclr4
    main.o(i.SystemClock_Config) refers to stm32h7xx_hal_pwr_ex.o(i.HAL_PWREx_ConfigSupply) for HAL_PWREx_ConfigSupply
    main.o(i.SystemClock_Config) refers to stm32h7xx_hal_rcc.o(i.HAL_RCC_OscConfig) for HAL_RCC_OscConfig
    main.o(i.SystemClock_Config) refers to main.o(i.Error_Handler) for Error_Handler
    main.o(i.SystemClock_Config) refers to stm32h7xx_hal_rcc.o(i.HAL_RCC_ClockConfig) for HAL_RCC_ClockConfig
    main.o(i.SystemClock_Config) refers to stm32h7xx_hal_rcc.o(i.HAL_RCC_MCOConfig) for HAL_RCC_MCOConfig
[...]
    USB_DevConnect                           0x08011709   Thumb Code    36  stm32h7xx_ll_usb.o(i.USB_DevConnect)
    USB_DevDisconnect                        0x0801172d   Thumb Code    36  stm32h7xx_ll_usb.o(i.USB_DevDisconnect)
    USB_DevInit                              0x08011751   Thumb Code   472  stm32h7xx_ll_usb.o(i.USB_DevInit)
    USB_DisableGlobalInt                     0x08011931   Thumb Code    14  stm32h7xx_ll_usb.o(i.USB_DisableGlobalInt)
    USB_EP0_OutStart                         0x08011941   Thumb Code   106  stm32h7xx_ll_usb.o(i.USB_EP0_OutStart)
    USB_EPClearStall                         0x080119b1   Thumb Code   142  stm32h7xx_ll_usb.o(i.USB_EPClearStall)
    USB_EPSetStall                           0x08011a3f   Thumb Code   154  stm32h7xx_ll_usb.o(i.USB_EPSetStall)
    USB_EPStartXfer                          0x08011ad9   Thumb Code   954  stm32h7xx_ll_usb.o(i.USB_EPStartXfer)
    USB_EPStopXfer                           0x08011e99   Thumb Code   236  stm32h7xx_ll_usb.o(i.USB_EPStopXfer)
    USB_EnableGlobalInt                      0x08011f85   Thumb Code    14  stm32h7xx_ll_usb.o(i.USB_EnableGlobalInt)
    USB_FlushRxFifo                          0x08011f93   Thumb Code    80  stm32h7xx_ll_usb.o(i.USB_FlushRxFifo)
    USB_FlushTxFifo                          0x08011fe3   Thumb Code    84  stm32h7xx_ll_usb.o(i.USB_FlushTxFifo)
    USB_GetDevSpeed                          0x08012037   Thumb Code    38  stm32h7xx_ll_usb.o(i.USB_GetDevSpeed)
    USB_GetMode                              0x0801205d   Thumb Code    10  stm32h7xx_ll_usb.o(i.USB_GetMode)
    USB_ReadDevAllInEpInterrupt              0x08012067   Thumb Code    20  stm32h7xx_ll_usb.o(i.USB_ReadDevAllInEpInterrupt)
    USB_ReadDevAllOutEpInterrupt             0x0801207b   Thumb Code    20  stm32h7xx_ll_usb.o(i.USB_ReadDevAllOutEpInterrupt)
    USB_ReadDevInEPInterrupt                 0x0801208f   Thumb Code    50  stm32h7xx_ll_usb.o(i.USB_ReadDevInEPInterrupt)
    USB_ReadDevOutEPInterrupt                0x080120c1   Thumb Code    26  stm32h7xx_ll_usb.o(i.USB_ReadDevOutEPInterrupt)
    USB_ReadInterrupts                       0x080120db   Thumb Code    10  stm32h7xx_ll_usb.o(i.USB_ReadInterrupts)
    USB_ReadPacket                           0x080120e5   Thumb Code    96  stm32h7xx_ll_usb.o(i.USB_ReadPacket)
    USB_SetCurrentMode                       0x08012145   Thumb Code   104  stm32h7xx_ll_usb.o(i.USB_SetCurrentMode)
    USB_SetDevAddress                        0x080121ad   Thumb Code    42  stm32h7xx_ll_usb.o(i.USB_SetDevAddress)
    USB_SetDevSpeed                          0x080121d7   Thumb Code    18  stm32h7xx_ll_usb.o(i.USB_SetDevSpeed)
    USB_SetTurnaroundTime                    0x080121e9   Thumb Code   192  stm32h7xx_ll_usb.o(i.USB_SetTurnaroundTime)
    USB_WritePacket                          0x080122d1   Thumb Code    68  stm32h7xx_ll_usb.o(i.USB_WritePacket)
    UsageFault_Handler                       0x08012315   Thumb Code     4  stm32h7xx_it.o(i.UsageFault_Handler)
    WS2812_Ctrl                              0x08012319   Thumb Code   170  ws2812.o(i.WS2812_Ctrl)
    __ARM_fpclassifyf                        0x080123c9   Thumb Code    38  fpclassifyf.o(i.__ARM_fpclassifyf)
    __hardfp_asinf                           0x08012429   Thumb Code   258  asinf.o(i.__hardfp_asinf)
    __hardfp_atan2f                          0x08012561   Thumb Code   594  atan2f.o(i.__hardfp_atan2f)
    __mathlib_flt_infnan                     0x08012815   Thumb Code     6  funder.o(i.__mathlib_flt_infnan)
    __mathlib_flt_infnan2                    0x0801281b   Thumb Code     6  funder.o(i.__mathlib_flt_infnan2)
    __mathlib_flt_invalid                    0x08012821   Thumb Code    10  funder.o(i.__mathlib_flt_invalid)
    __mathlib_flt_underflow                  0x08012831   Thumb Code    10  funder.o(i.__mathlib_flt_underflow)
    __scatterload_copy                       0x08012841   Thumb Code    14  handlers.o(i.__scatterload_copy)
    __scatterload_null                       0x0801284f   Thumb Code     2  handlers.o(i.__scatterload_null)
    __scatterload_zeroinit                   0x08012851   Thumb Code    14  handlers.o(i.__scatterload_zeroinit)
    __set_errno                              0x08012861   Thumb Code     6  errno.o(i.__set_errno)
    bmi088_accel_init                        0x0801286d   Thumb Code   290  bmi088driver.o(i.bmi088_accel_init)
    bmi088_gyro_init                         0x08012995   Thumb Code   238  bmi088driver.o(i.bmi088_gyro_init)
    can_bsp_init                             0x08012a89   Thumb Code    56  can_bsp.o(i.can_bsp_init)
    can_filter_init                          0x08012acd   Thumb Code    50  can_bsp.o(i.can_filter_init)
    fdcan1_rx_callback                       0x08012b05   Thumb Code    12  can_bsp.o(i.fdcan1_rx_callback)
    fdcan2_rx_callback                       0x08012b19   Thumb Code    12  can_bsp.o(i.fdcan2_rx_callback)
    fdcan3_rx_callback                       0x08012b2d   Thumb Code    12  can_bsp.o(i.fdcan3_rx_callback)
    fdcanx_receive                           0x08012b41   Thumb Code    36  can_bsp.o(i.fdcanx_receive)
    fdcanx_send_data                         0x08012b65   Thumb Code    58  can_bsp.o(i.fdcanx_send_data)
    invSqrt                                  0x08012ba1   Thumb Code    56  mahonyahrs.o(i.invSqrt)
    main                                     0x08012bdd   Thumb Code   386  main.o(i.main)
    mypow                                    0x08012d77   Thumb Code    22  lcd.o(i.mypow)
    osDelay                                  0x08012d8d   Thumb Code    24  cmsis_os.o(i.osDelay)
    osKernelStart                            0x08012da5   Thumb Code    10  cmsis_os.o(i.osKernelStart)
    osThreadCreate                           0x08012daf   Thumb Code    94  cmsis_os.o(i.osThreadCreate)
    pvPortMalloc                             0x0801384d   Thumb Code   306  heap_4.o(i.pvPortMalloc)
    pxPortInitialiseStack                    0x08013999   Thumb Code    38  port.o(i.pxPortInitialiseStack)
    sqrtf                                    0x080139c5   Thumb Code    62  sqrtf.o(i.sqrtf)
    uxListRemove                             0x08013a03   Thumb Code    40  list.o(i.uxListRemove)
    vApplicationGetIdleTaskMemory            0x08013a2d   Thumb Code    14  freertos.o(i.vApplicationGetIdleTaskMemory)
    vApplicationGetTimerTaskMemory           0x08013a45   Thumb Code    16  freertos.o(i.vApplicationGetTimerTaskMemory)
    vListInitialise                          0x08013a5d   Thumb Code    26  list.o(i.vListInitialise)
    vListInitialiseItem                      0x08013a77   Thumb Code     6  list.o(i.vListInitialiseItem)
    vListInsert                              0x08013a7d   Thumb Code    52  list.o(i.vListInsert)
    vListInsertEnd                           0x08013ab1   Thumb Code    24  list.o(i.vListInsertEnd)
    vPortEnterCritical                       0x08013ac9   Thumb Code    76  port.o(i.vPortEnterCritical)
    vPortExitCritical                        0x08013b1d   Thumb Code    56  port.o(i.vPortExitCritical)
    vPortFree                                0x08013b59   Thumb Code   150  heap_4.o(i.vPortFree)
    vPortSetupTimerInterrupt                 0x08013bfd   Thumb Code    36  port.o(i.vPortSetupTimerInterrupt)
    vPortValidateInterruptPriority           0x08013c25   Thumb Code   106  port.o(i.vPortValidateInterruptPriority)
    vQueueAddToRegistry                      0x08013c9d   Thumb Code    38  queue.o(i.vQueueAddToRegistry)
    vQueueWaitForMessageRestricted           0x08013cc9   Thumb Code    74  queue.o(i.vQueueWaitForMessageRestricted)
    vTaskDelay                               0x08013d15   Thumb Code    82  tasks.o(i.vTaskDelay)
    vTaskInternalSetTimeOutState             0x08013d71   Thumb Code    14  tasks.o(i.vTaskInternalSetTimeOutState)
    vTaskMissedYield                         0x08013d89   Thumb Code     8  tasks.o(i.vTaskMissedYield)
    vTaskPlaceOnEventList                    0x08013d95   Thumb Code    52  tasks.o(i.vTaskPlaceOnEventList)
    vTaskPlaceOnEventListRestricted          0x08013dcd   Thumb Code    60  tasks.o(i.vTaskPlaceOnEventListRestricted)
    vTaskStartScheduler                      0x08013e0d   Thumb Code   156  tasks.o(i.vTaskStartScheduler)
    vTaskSuspendAll                          0x08013ec5   Thumb Code    12  tasks.o(i.vTaskSuspendAll)
    vTaskSwitchContext                       0x08013ed5   Thumb Code   118  tasks.o(i.vTaskSwitchContext)
    vofa_send_data                           0x08013f61   Thumb Code    82  vofa.o(i.vofa_send_data)
    vofa_sendframetail                       0x08013fbd   Thumb Code    86  vofa.o(i.vofa_sendframetail)
    vofa_transmit                            0x0801401d   Thumb Code    16  vofa.o(i.vofa_transmit)
    xPortStartScheduler                      0x0801402d   Thumb Code   330  port.o(i.xPortStartScheduler)
    xQueueGenericCreateStatic                0x08014195   Thumb Code   224  queue.o(i.xQueueGenericCreateStatic)
    xQueueGenericReset                       0x08014275   Thumb Code   146  queue.o(i.xQueueGenericReset)
    xQueueGenericSend                        0x0801430d   Thumb Code   420  queue.o(i.xQueueGenericSend)
    xQueueGenericSendFromISR                 0x080144b5   Thumb Code   252  queue.o(i.xQueueGenericSendFromISR)
    xQueueReceive                            0x080145b1   Thumb Code   356  queue.o(i.xQueueReceive)
    xTaskCheckForTimeOut                     0x08014719   Thumb Code   132  tasks.o(i.xTaskCheckForTimeOut)
    xTaskCreate                              0x080147a5   Thumb Code   100  tasks.o(i.xTaskCreate)
    xTaskCreateStatic                        0x08014809   Thumb Code   186  tasks.o(i.xTaskCreateStatic)
    xTaskGetSchedulerState                   0x080148c5   Thumb Code    24  tasks.o(i.xTaskGetSchedulerState)
    xTaskGetTickCount                        0x080148e5   Thumb Code     6  tasks.o(i.xTaskGetTickCount)
    xTaskIncrementTick                       0x080148f1   Thumb Code   282  tasks.o(i.xTaskIncrementTick)
    xTaskPriorityDisinherit                  0x08014a39   Thumb Code   188  tasks.o(i.xTaskPriorityDisinherit)
    xTaskRemoveFromEventList                 0x08014b01   Thumb Code   128  tasks.o(i.xTaskRemoveFromEventList)
    xTaskResumeAll                           0x08014b99   Thumb Code   224  tasks.o(i.xTaskResumeAll)
    xTimerCreateTimerTask                    0x08014c9d   Thumb Code   100  timers.o(i.xTimerCreateTimerTask)
    xTimerGenericCommand                     0x08014d15   Thumb Code   128  timers.o(i.xTimerGenericCommand)
    UARTPrescTable                           0x08014e88   Data          24  stm32h7xx_hal_uart.o(.constdata)
    D1CorePrescTable                         0x08014eb0   Data          16  system_stm32h7xx.o(.constdata)
    ascii_1206                               0x08014ec0   Data        1140  lcd.o(.constdata)
    ascii_1608                               0x08015334   Data        1520  lcd.o(.constdata)
    ascii_2412                               0x08015924   Data        4560  lcd.o(.constdata)
    ascii_3216                               0x08016af4   Data        6080  lcd.o(.constdata)
    tfont12                                  0x080182b4   Data         104  lcd.o(.constdata)
    tfont16                                  0x0801831c   Data         136  lcd.o(.constdata)
    tfont24                                  0x080183a4   Data         296  lcd.o(.constdata)
    tfont32                                  0x080184cc   Data         520  lcd.o(.constdata)
    gImage_1                                 0x080186d4   Data        3200  lcd_task.o(.constdata)
    Region$$Table$$Base                      0x08019380   Number         0  anon$$obj.o(Region$$Table)
    Region$$Table$$Limit                     0x080193a0   Number         0  anon$$obj.o(Region$$Table)
    cnt                                      0x24000000   Data           2  vofa.o(.data)
    defaultTaskHandle                        0x24000008   Data           4  freertos.o(.data)
    KeyTaskHandle                            0x2400000c   Data           4  freertos.o(.data)
    LcdTaskHandle                            0x24000010   Data           4  freertos.o(.data)
    ImuTaskHandle                            0x24000014   Data           4  freertos.o(.data)
    FunTestHandle                            0x24000018   Data           4  freertos.o(.data)
    HS_Desc                                  0x24000020   Data          32  usbd_desc.o(.data)
    USBD_HS_DeviceDesc                       0x24000040   Data          18  usbd_desc.o(.data)
    USBD_HS_BOSDesc                          0x24000054   Data          12  usbd_desc.o(.data)
    USBD_LangIDDesc                          0x24000060   Data           4  usbd_desc.o(.data)
    USBD_StringSerial                        0x24000064   Data          26  usbd_desc.o(.data)
    USBD_Interface_fops_HS                   0x24000080   Data          20  usbd_cdc_if.o(.data)
    uwTick                                   0x24000094   Data           4  stm32h7xx_hal.o(.data)
    uwTickPrio                               0x24000098   Data           4  stm32h7xx_hal.o(.data)
    uwTickFreq                               0x2400009c   Data           1  stm32h7xx_hal.o(.data)
    SystemCoreClock                          0x240000a0   Data           4  system_stm32h7xx.o(.data)
    SystemD2Clock                            0x240000a4   Data           4  system_stm32h7xx.o(.data)
    pxCurrentTCB                             0x240000a8   Data           4  tasks.o(.data)
    USBD_CDC                                 0x24000134   Data          56  usbd_cdc.o(.data)
    keyState                                 0x240001b4   Data           1  bsp_user_key.o(.data)
    overTick                                 0x240001b8   Data           4  bsp_user_key.o(.data)
    BMI088_ACCEL_SEN                         0x240001c0   Data           4  bmi088driver.o(.data)
    BMI088_GYRO_SEN                          0x240001c4   Data           4  bmi088driver.o(.data)
    rx_data1                                 0x240001ec   Data           8  can_bsp.o(.data)
    rx_data2                                 0x240001f4   Data           8  can_bsp.o(.data)
    rx_data3                                 0x240001fc   Data           8  can_bsp.o(.data)
    vbus                                     0x24000204   Data           4  key_task.o(.data)
    adc_val                                  0x24000208   Data           4  key_task.o(.data)
    out                                      0x24000210   Data           4  imu_task.o(.data)
    err                                      0x24000214   Data           4  imu_task.o(.data)
    err_l                                    0x24000218   Data           4  imu_task.o(.data)
    err_ll                                   0x2400021c   Data           4  imu_task.o(.data)
    u1Rx                                     0x24000220   Data           5  fun_test_task.o(.data)
    u1RxFlag                                 0x24000225   Data           1  fun_test_task.o(.data)
    u5Rx                                     0x24000226   Data           5  fun_test_task.o(.data)
    u5RxFlag                                 0x2400022b   Data           1  fun_test_task.o(.data)
    u7Rx                                     0x2400022c   Data           5  fun_test_task.o(.data)
    u7RxFlag                                 0x24000231   Data           1  fun_test_task.o(.data)
    u10Rx                                    0x24000232   Data           5  fun_test_task.o(.data)
    u10RxFlag                                0x24000237   Data           1  fun_test_task.o(.data)
    tx_data                                  0x24000238   Data           8  fun_test_task.o(.data)
    twoKp                                    0x24000240   Data           4  mahonyahrs.o(.data)
    twoKi                                    0x24000244   Data           4  mahonyahrs.o(.data)
    integralFBx                              0x24000248   Data           4  mahonyahrs.o(.data)
    integralFBy                              0x2400024c   Data           4  mahonyahrs.o(.data)
    integralFBz                              0x24000250   Data           4  mahonyahrs.o(.data)
    send_buf                                 0x24000258   Data        1024  vofa.o(.bss)
    KeyTaskBuffer                            0x24000658   Data         512  freertos.o(.bss)
    KeyTaskControlBlock                      0x24000858   Data          92  freertos.o(.bss)
    LcdTaskBuffer                            0x240008b4   Data        1024  freertos.o(.bss)
    LcdTaskControlBlock                      0x24000cb4   Data          92  freertos.o(.bss)
    ImuTaskBuffer                            0x24000d10   Data        4096  freertos.o(.bss)
    ImuTaskControlBlock                      0x24001d10   Data          92  freertos.o(.bss)
    FunTestBuffer                            0x24001d6c   Data         512  freertos.o(.bss)
    FunTestControlBlock                      0x24001f6c   Data          92  freertos.o(.bss)
    hadc1                                    0x24002680   Data         112  adc.o(.bss)
    hdma_adc1                                0x240026f0   Data         120  adc.o(.bss)
    hfdcan1                                  0x24002768   Data         160  fdcan.o(.bss)
    hfdcan2                                  0x24002808   Data         160  fdcan.o(.bss)
    hfdcan3                                  0x240028a8   Data         160  fdcan.o(.bss)
    hospi2                                   0x24002948   Data          92  octospi.o(.bss)
    hspi1                                    0x240029a4   Data         136  spi.o(.bss)
    hspi2                                    0x24002a2c   Data         136  spi.o(.bss)
    hspi6                                    0x24002ab4   Data         136  spi.o(.bss)
    htim1                                    0x24002b3c   Data          76  tim.o(.bss)
    htim2                                    0x24002b88   Data          76  tim.o(.bss)
    htim3                                    0x24002bd4   Data          76  tim.o(.bss)
    htim12                                   0x24002c20   Data          76  tim.o(.bss)
    huart7                                   0x24002c6c   Data         148  usart.o(.bss)
    huart1                                   0x24002d00   Data         148  usart.o(.bss)
    huart2                                   0x24002d94   Data         148  usart.o(.bss)
    huart3                                   0x24002e28   Data         148  usart.o(.bss)
    huart10                                  0x24002ebc   Data         148  usart.o(.bss)
    htim23                                   0x24002f50   Data          76  stm32h7xx_hal_timebase_tim.o(.bss)
    hUsbDeviceHS                             0x24002f9c   Data         732  usb_device.o(.bss)
    USBD_StrDesc                             0x24003278   Data         512  usbd_desc.o(.bss)
    UserRxBufferHS                           0x24003478   Data        2048  usbd_cdc_if.o(.bss)
    UserTxBufferHS                           0x24003c78   Data        2048  usbd_cdc_if.o(.bss)
    hpcd_USB_OTG_HS                          0x24004478   Data        1252  usbd_conf.o(.bss)
    xQueueRegistry                           0x24004b7c   Data          64  queue.o(.bss)
    gyro                                     0x240089c4   Data          12  imu_task.o(.bss)
    acc                                      0x240089d0   Data          12  imu_task.o(.bss)
    imuQuat                                  0x240089dc   Data          16  imu_task.o(.bss)
    imuAngle                                 0x240089ec   Data          12  imu_task.o(.bss)
    __initial_sp                             0x240091f8   Data           0  startup_stm32h723xx.o(STACK)



==============================================================================

Memory Map of the image

  Image Entry point : 0x080002cd

  Load Region LR_IROM1 (Base: 0x08000000, Size: 0x000195f8, Max: 0x00100000, ABSOLUTE, COMPRESSED[0x000194ac])

    Execution Region ER_IROM1 (Exec base: 0x08000000, Load base: 0x08000000, Size: 0x000193a0, Max: 0x00100000, ABSOLUTE)

    Exec Addr    Load Addr    Size         Type   Attr      Idx    E Section Name        Object

    0x08000000   0x08000000   0x000002cc   Data   RO            3    RESET               startup_stm32h723xx.o
    0x080002cc   0x080002cc   0x00000000   Code   RO        13460  * .ARM.Collect$$$$00000000  mc_w.l(entry.o)
    0x080002cc   0x080002cc   0x00000004   Code   RO        13826    .ARM.Collect$$$$00000001  mc_w.l(entry2.o)
    0x080002d0   0x080002d0   0x00000004   Code   RO        13829    .ARM.Collect$$$$00000004  mc_w.l(entry5.o)
    0x080002d4   0x080002d4   0x00000000   Code   RO        13831    .ARM.Collect$$$$00000008  mc_w.l(entry7b.o)
    0x080002d4   0x080002d4   0x00000000   Code   RO        13833    .ARM.Collect$$$$0000000A  mc_w.l(entry8b.o)
    0x080002d4   0x080002d4   0x00000008   Code   RO        13834    .ARM.Collect$$$$0000000B  mc_w.l(entry9a.o)
    0x080002dc   0x080002dc   0x00000004   Code   RO        13841    .ARM.Collect$$$$0000000E  mc_w.l(entry12b.o)
    0x080002e0   0x080002e0   0x00000000   Code   RO        13836    .ARM.Collect$$$$0000000F  mc_w.l(entry10a.o)
    0x080002e0   0x080002e0   0x00000000   Code   RO        13838    .ARM.Collect$$$$00000011  mc_w.l(entry11a.o)
    0x080002e0   0x080002e0   0x00000004   Code   RO        13827    .ARM.Collect$$$$00002712  mc_w.l(entry2.o)
    0x080002e4   0x080002e4   0x000000be   Code   RO         9538    .emb_text           port.o
    0x080003a2   0x080003a2   0x00000002   PAD
    0x080003a4   0x080003a4   0x00000024   Code   RO            4    .text               startup_stm32h723xx.o
    0x080003c8   0x080003c8   0x00000062   Code   RO        13463    .text               mc_w.l(uldiv.o)
    0x0800042a   0x0800042a   0x00000024   Code   RO        13465    .text               mc_w.l(memcpya.o)
    0x0800044e   0x0800044e   0x00000024   Code   RO        13469    .text               mc_w.l(memseta.o)
    0x08000472   0x08000472   0x0000001a   Code   RO        13471    .text               mc_w.l(memcmp.o)
    0x0800048c   0x0800048c   0x0000001e   Code   RO        13845    .text               mc_w.l(llshl.o)
    0x080004aa   0x080004aa   0x00000020   Code   RO        13847    .text               mc_w.l(llushr.o)
    0x080004ca   0x080004ca   0x00000000   Code   RO        13858    .text               mc_w.l(iusefp.o)
    0x080004ca   0x080004ca   0x00000002   PAD
    0x080004cc   0x080004cc   0x00000024   Code   RO        13885    .text               mc_w.l(init.o)
    0x080004f0   0x080004f0   0x00000056   Code   RO        13901    .text               mc_w.l(__dczerorl2.o)
    0x08000546   0x08000546   0x00000002   PAD
    0x08000548   0x08000548   0x00000130   Code   RO         5628    i.ADC_ConfigureBoostMode  stm32h7xx_hal_adc.o
    0x08000678   0x08000678   0x00000092   Code   RO         5630    i.ADC_DMAConvCplt   stm32h7xx_hal_adc.o
    0x0800070a   0x0800070a   0x0000001e   Code   RO         5631    i.ADC_DMAError      stm32h7xx_hal_adc.o
    0x08000728   0x08000728   0x0000000e   Code   RO         5632    i.ADC_DMAHalfConvCplt  stm32h7xx_hal_adc.o
    0x08000736   0x08000736   0x00000002   PAD
    0x08000738   0x08000738   0x00000094   Code   RO         5633    i.ADC_Disable       stm32h7xx_hal_adc.o
    0x080007cc   0x080007cc   0x000000cc   Code   RO         5634    i.ADC_Enable        stm32h7xx_hal_adc.o
    0x08000898   0x08000898   0x00000028   Code   RO        10703    i.AHRS_init         imu_task.o
    0x080008c0   0x080008c0   0x00000040   Code   RO        10704    i.AHRS_update       imu_task.o
    0x08000900   0x08000900   0x00000014   Code   RO        10403    i.BMI088_ACCEL_NS_H  bmi088middleware.o
    0x08000914   0x08000914   0x00000014   Code   RO        10404    i.BMI088_ACCEL_NS_L  bmi088middleware.o
    0x08000928   0x08000928   0x00000002   Code   RO        10405    i.BMI088_GPIO_init  bmi088middleware.o
    0x0800092a   0x0800092a   0x00000002   PAD
    0x0800092c   0x0800092c   0x00000014   Code   RO        10406    i.BMI088_GYRO_NS_H  bmi088middleware.o
    0x08000940   0x08000940   0x00000014   Code   RO        10407    i.BMI088_GYRO_NS_L  bmi088middleware.o
    0x08000954   0x08000954   0x00000002   Code   RO        10408    i.BMI088_com_init   bmi088middleware.o
    0x08000956   0x08000956   0x0000001a   Code   RO        10409    i.BMI088_delay_ms   bmi088middleware.o
    0x08000970   0x08000970   0x0000004a   Code   RO        10410    i.BMI088_delay_us   bmi088middleware.o
    0x080009ba   0x080009ba   0x0000001c   Code   RO        10334    i.BMI088_init       bmi088driver.o
    0x080009d6   0x080009d6   0x00000002   PAD
    0x080009d8   0x080009d8   0x0000017c   Code   RO        10335    i.BMI088_read       bmi088driver.o
    0x08000b54   0x08000b54   0x00000026   Code   RO        10336    i.BMI088_read_muli_reg  bmi088driver.o
    0x08000b7a   0x08000b7a   0x00000018   Code   RO        10337    i.BMI088_read_single_reg  bmi088driver.o
    0x08000b92   0x08000b92   0x00000002   PAD
    0x08000b94   0x08000b94   0x00000020   Code   RO        10411    i.BMI088_read_write_byte  bmi088middleware.o
    0x08000bb4   0x08000bb4   0x00000014   Code   RO        10338    i.BMI088_write_single_reg  bmi088driver.o
    0x08000bc8   0x08000bc8   0x00000010   Code   RO        10094    i.BSP_Buzzer_Init   bsp_buzzer.o
    0x08000bd8   0x08000bd8   0x00000014   Code   RO        10095    i.BSP_Buzzer_Off    bsp_buzzer.o
    0x08000bec   0x08000bec   0x00000018   Code   RO        10096    i.BSP_Buzzer_On     bsp_buzzer.o
    0x08000c04   0x08000c04   0x0000001c   Code   RO        10097    i.BSP_Buzzer_Toggle  bsp_buzzer.o
    0x08000c20   0x08000c20   0x0000007c   Code   RO        10064    i.BSP_UserKey_Detect  bsp_user_key.o
    0x08000c9c   0x08000c9c   0x00000004   Code   RO          851    i.BusFault_Handler  stm32h7xx_it.o
    0x08000ca0   0x08000ca0   0x00000044   Code   RO         1187    i.CDC_Control_HS    usbd_cdc_if.o
    0x08000ce4   0x08000ce4   0x00000004   Code   RO         1188    i.CDC_DeInit_HS     usbd_cdc_if.o
    0x08000ce8   0x08000ce8   0x00000024   Code   RO         1189    i.CDC_Init_HS       usbd_cdc_if.o
    0x08000d0c   0x08000d0c   0x0000001c   Code   RO         1190    i.CDC_Receive_HS    usbd_cdc_if.o
    0x08000d28   0x08000d28   0x0000000c   Code   RO         1191    i.CDC_TransmitCplt_HS  usbd_cdc_if.o
    0x08000d34   0x08000d34   0x00000038   Code   RO         1192    i.CDC_Transmit_HS   usbd_cdc_if.o
    0x08000d6c   0x08000d6c   0x00000010   Code   RO          852    i.DMA1_Stream0_IRQHandler  stm32h7xx_it.o
    0x08000d7c   0x08000d7c   0x000000ec   Code   RO         3829    i.DMA_CalcBaseAndBitshift  stm32h7xx_hal_dma.o
    0x08000e68   0x08000e68   0x000000c4   Code   RO         3830    i.DMA_CalcDMAMUXChannelBaseAndMask  stm32h7xx_hal_dma.o
    0x08000f2c   0x08000f2c   0x00000098   Code   RO         3831    i.DMA_CalcDMAMUXRequestGenBaseAndMask  stm32h7xx_hal_dma.o
    0x08000fc4   0x08000fc4   0x000000ae   Code   RO         3832    i.DMA_CheckFifoParam  stm32h7xx_hal_dma.o
    0x08001072   0x08001072   0x00000002   PAD
    0x08001074   0x08001074   0x00000274   Code   RO         3833    i.DMA_SetConfig     stm32h7xx_hal_dma.o
    0x080012e8   0x080012e8   0x00000002   Code   RO          853    i.DebugMon_Handler  stm32h7xx_it.o
    0x080012ea   0x080012ea   0x00000006   Code   RO          246    i.Error_Handler     main.o
    0x080012f0   0x080012f0   0x00000010   Code   RO          854    i.FDCAN1_IT0_IRQHandler  stm32h7xx_it.o
    0x08001300   0x08001300   0x00000010   Code   RO          855    i.FDCAN1_IT1_IRQHandler  stm32h7xx_it.o
    0x08001310   0x08001310   0x00000010   Code   RO          856    i.FDCAN2_IT0_IRQHandler  stm32h7xx_it.o
    0x08001320   0x08001320   0x00000010   Code   RO          857    i.FDCAN2_IT1_IRQHandler  stm32h7xx_it.o
    0x08001330   0x08001330   0x00000010   Code   RO          858    i.FDCAN3_IT0_IRQHandler  stm32h7xx_it.o
    0x08001340   0x08001340   0x00000010   Code   RO          859    i.FDCAN3_IT1_IRQHandler  stm32h7xx_it.o
    0x08001350   0x08001350   0x00000220   Code   RO         6164    i.FDCAN_CalcultateRamBlockAddresses  stm32h7xx_hal_fdcan.o
    0x08001570   0x08001570   0x000000d0   Code   RO         6165    i.FDCAN_CopyMessageToRAM  stm32h7xx_hal_fdcan.o
    0x08001640   0x08001640   0x0000016c   Code   RO        10759    i.FunTest_Entry     fun_test_task.o
    0x080017ac   0x080017ac   0x000000dc   Code   RO        10705    i.GetAngle          imu_task.o
    0x08001888   0x08001888   0x00000034   Code   RO         1091    i.Get_SerialNum     usbd_desc.o
    0x080018bc   0x080018bc   0x000000b8   Code   RO         5900    i.HAL_ADCEx_Calibration_Start  stm32h7xx_hal_adc_ex.o
    0x08001974   0x08001974   0x00000164   Code   RO         5920    i.HAL_ADCEx_MultiModeConfigChannel  stm32h7xx_hal_adc_ex.o
    0x08001ad8   0x08001ad8   0x00000884   Code   RO         5636    i.HAL_ADC_ConfigChannel  stm32h7xx_hal_adc.o
    0x0800235c   0x0800235c   0x00000002   Code   RO         5637    i.HAL_ADC_ConvCpltCallback  stm32h7xx_hal_adc.o
    0x0800235e   0x0800235e   0x00000002   Code   RO         5638    i.HAL_ADC_ConvHalfCpltCallback  stm32h7xx_hal_adc.o
    0x08002360   0x08002360   0x00000002   Code   RO         5640    i.HAL_ADC_ErrorCallback  stm32h7xx_hal_adc.o
    0x08002362   0x08002362   0x00000002   PAD
    0x08002364   0x08002364   0x00000340   Code   RO         5645    i.HAL_ADC_Init      stm32h7xx_hal_adc.o
    0x080026a4   0x080026a4   0x0000012c   Code   RO          493    i.HAL_ADC_MspInit   adc.o
    0x080027d0   0x080027d0   0x00000170   Code   RO         5652    i.HAL_ADC_Start_DMA  stm32h7xx_hal_adc.o
    0x08002940   0x08002940   0x000004dc   Code   RO         3834    i.HAL_DMA_Abort     stm32h7xx_hal_dma.o
    0x08002e1c   0x08002e1c   0x00000398   Code   RO         3835    i.HAL_DMA_Abort_IT  stm32h7xx_hal_dma.o
    0x080031b4   0x080031b4   0x00000af8   Code   RO         3839    i.HAL_DMA_IRQHandler  stm32h7xx_hal_dma.o
    0x08003cac   0x08003cac   0x00000514   Code   RO         3840    i.HAL_DMA_Init      stm32h7xx_hal_dma.o
    0x080041c0   0x080041c0   0x000003e0   Code   RO         3844    i.HAL_DMA_Start_IT  stm32h7xx_hal_dma.o
    0x080045a0   0x080045a0   0x00000028   Code   RO         4689    i.HAL_Delay         stm32h7xx_hal.o
    0x080045c8   0x080045c8   0x000000a8   Code   RO         6167    i.HAL_FDCAN_ActivateNotification  stm32h7xx_hal_fdcan.o
    0x08004670   0x08004670   0x00000090   Code   RO         6169    i.HAL_FDCAN_AddMessageToTxFifoQ  stm32h7xx_hal_fdcan.o
    0x08004700   0x08004700   0x00000002   Code   RO         6170    i.HAL_FDCAN_ClockCalibrationCallback  stm32h7xx_hal_fdcan.o
    0x08004702   0x08004702   0x0000006c   Code   RO         6173    i.HAL_FDCAN_ConfigFifoWatermark  stm32h7xx_hal_fdcan.o
    0x0800476e   0x0800476e   0x000000a8   Code   RO         6174    i.HAL_FDCAN_ConfigFilter  stm32h7xx_hal_fdcan.o
    0x08004816   0x08004816   0x00000002   Code   RO         6196    i.HAL_FDCAN_ErrorCallback  stm32h7xx_hal_fdcan.o
    0x08004818   0x08004818   0x00000002   Code   RO         6197    i.HAL_FDCAN_ErrorStatusCallback  stm32h7xx_hal_fdcan.o
    0x0800481a   0x0800481a   0x00000002   PAD
    0x0800481c   0x0800481c   0x000001f4   Code   RO         6208    i.HAL_FDCAN_GetRxMessage  stm32h7xx_hal_fdcan.o
    0x08004a10   0x08004a10   0x00000002   Code   RO         6214    i.HAL_FDCAN_HighPriorityMessageCallback  stm32h7xx_hal_fdcan.o
    0x08004a12   0x08004a12   0x00000002   PAD
    0x08004a14   0x08004a14   0x000003d4   Code   RO         6215    i.HAL_FDCAN_IRQHandler  stm32h7xx_hal_fdcan.o
    0x08004de8   0x08004de8   0x000002e0   Code   RO         6216    i.HAL_FDCAN_Init    stm32h7xx_hal_fdcan.o
    0x080050c8   0x080050c8   0x0000023c   Code   RO          559    i.HAL_FDCAN_MspInit  fdcan.o
    0x08005304   0x08005304   0x00000002   Code   RO         6225    i.HAL_FDCAN_RxBufferNewMessageCallback  stm32h7xx_hal_fdcan.o
    0x08005306   0x08005306   0x00000002   PAD
    0x08005308   0x08005308   0x00000038   Code   RO        10476    i.HAL_FDCAN_RxFifo0Callback  can_bsp.o
    0x08005340   0x08005340   0x00000002   Code   RO         6227    i.HAL_FDCAN_RxFifo1Callback  stm32h7xx_hal_fdcan.o
    0x08005342   0x08005342   0x00000034   Code   RO         6228    i.HAL_FDCAN_Start   stm32h7xx_hal_fdcan.o
    0x08005376   0x08005376   0x00000002   Code   RO         6250    i.HAL_FDCAN_TT_GlobalTimeCallback  stm32h7xx_hal_fdcan.o
    0x08005378   0x08005378   0x00000002   Code   RO         6251    i.HAL_FDCAN_TT_ScheduleSyncCallback  stm32h7xx_hal_fdcan.o
    0x0800537a   0x0800537a   0x00000002   Code   RO         6256    i.HAL_FDCAN_TT_StopWatchCallback  stm32h7xx_hal_fdcan.o
    0x0800537c   0x0800537c   0x00000002   Code   RO         6257    i.HAL_FDCAN_TT_TimeMarkCallback  stm32h7xx_hal_fdcan.o
    0x0800537e   0x0800537e   0x00000002   Code   RO         6258    i.HAL_FDCAN_TimeoutOccurredCallback  stm32h7xx_hal_fdcan.o
    0x08005380   0x08005380   0x00000002   Code   RO         6259    i.HAL_FDCAN_TimestampWraparoundCallback  stm32h7xx_hal_fdcan.o
    0x08005382   0x08005382   0x00000002   Code   RO         6260    i.HAL_FDCAN_TxBufferAbortCallback  stm32h7xx_hal_fdcan.o
    0x08005384   0x08005384   0x00000002   Code   RO         6261    i.HAL_FDCAN_TxBufferCompleteCallback  stm32h7xx_hal_fdcan.o
    0x08005386   0x08005386   0x00000002   Code   RO         6262    i.HAL_FDCAN_TxEventFifoCallback  stm32h7xx_hal_fdcan.o
    0x08005388   0x08005388   0x00000002   Code   RO         6263    i.HAL_FDCAN_TxFifoEmptyCallback  stm32h7xx_hal_fdcan.o
    0x0800538a   0x0800538a   0x00000002   PAD
    0x0800538c   0x0800538c   0x0000016c   Code   RO         3679    i.HAL_GPIO_DeInit   stm32h7xx_hal_gpio.o
    0x080054f8   0x080054f8   0x000001f0   Code   RO         3682    i.HAL_GPIO_Init     stm32h7xx_hal_gpio.o
    0x080056e8   0x080056e8   0x00000010   Code   RO         3684    i.HAL_GPIO_ReadPin  stm32h7xx_hal_gpio.o
    0x080056f8   0x080056f8   0x0000000c   Code   RO         3686    i.HAL_GPIO_WritePin  stm32h7xx_hal_gpio.o
    0x08005704   0x08005704   0x0000000c   Code   RO         4705    i.HAL_GetTick       stm32h7xx_hal.o
    0x08005710   0x08005710   0x00000018   Code   RO         4711    i.HAL_IncTick       stm32h7xx_hal.o
    0x08005728   0x08005728   0x00000060   Code   RO         4712    i.HAL_Init          stm32h7xx_hal.o
    0x08005788   0x08005788   0x00000094   Code   RO         1017    i.HAL_InitTick      stm32h7xx_hal_timebase_tim.o
    0x0800581c   0x0800581c   0x00000030   Code   RO          993    i.HAL_MspInit       stm32h7xx_hal_msp.o
    0x0800584c   0x0800584c   0x00000028   Code   RO         4532    i.HAL_NVIC_EnableIRQ  stm32h7xx_hal_cortex.o
    0x08005874   0x08005874   0x0000007a   Code   RO         4538    i.HAL_NVIC_SetPriority  stm32h7xx_hal_cortex.o
    0x080058ee   0x080058ee   0x00000002   PAD
    0x080058f0   0x080058f0   0x00000028   Code   RO         4539    i.HAL_NVIC_SetPriorityGrouping  stm32h7xx_hal_cortex.o
    0x08005918   0x08005918   0x00000700   Code   RO         6782    i.HAL_OSPIM_Config  stm32h7xx_hal_ospi.o
    0x08006018   0x08006018   0x00000032   Code   RO         6791    i.HAL_OSPI_DeInit   stm32h7xx_hal_ospi.o
    0x0800604a   0x0800604a   0x00000002   PAD
    0x0800604c   0x0800604c   0x00000110   Code   RO         6800    i.HAL_OSPI_Init     stm32h7xx_hal_ospi.o
    0x0800615c   0x0800615c   0x00000060   Code   RO          613    i.HAL_OSPI_MspDeInit  octospi.o
    0x080061bc   0x080061bc   0x000001a4   Code   RO          614    i.HAL_OSPI_MspInit  octospi.o
    0x08006360   0x08006360   0x00000008   Code   RO         6810    i.HAL_OSPI_SetTimeout  stm32h7xx_hal_ospi.o
    0x08006368   0x08006368   0x00000028   Code   RO         2727    i.HAL_PCDEx_ActivateLPM  stm32h7xx_hal_pcd_ex.o
    0x08006390   0x08006390   0x00000002   Code   RO         2732    i.HAL_PCDEx_LPM_Callback  stm32h7xx_hal_pcd_ex.o
    0x08006392   0x08006392   0x0000000a   Code   RO         2733    i.HAL_PCDEx_SetRxFiFo  stm32h7xx_hal_pcd_ex.o
    0x0800639c   0x0800639c   0x0000004e   Code   RO         2734    i.HAL_PCDEx_SetTxFiFo  stm32h7xx_hal_pcd_ex.o
    0x080063ea   0x080063ea   0x0000000e   Code   RO         1248    i.HAL_PCD_ConnectCallback  usbd_conf.o
    0x080063f8   0x080063f8   0x00000020   Code   RO         1249    i.HAL_PCD_DataInStageCallback  usbd_conf.o
    0x08006418   0x08006418   0x00000020   Code   RO         1250    i.HAL_PCD_DataOutStageCallback  usbd_conf.o
    0x08006438   0x08006438   0x0000000e   Code   RO         1251    i.HAL_PCD_DisconnectCallback  usbd_conf.o
    0x08006446   0x08006446   0x00000042   Code   RO         2498    i.HAL_PCD_EP_Abort  stm32h7xx_hal_pcd.o
    0x08006488   0x08006488   0x0000006a   Code   RO         2499    i.HAL_PCD_EP_Close  stm32h7xx_hal_pcd.o
    0x080064f2   0x080064f2   0x0000007c   Code   RO         2500    i.HAL_PCD_EP_ClrStall  stm32h7xx_hal_pcd.o
    0x0800656e   0x0800656e   0x00000016   Code   RO         2502    i.HAL_PCD_EP_GetRxCount  stm32h7xx_hal_pcd.o
    0x08006584   0x08006584   0x0000008e   Code   RO         2503    i.HAL_PCD_EP_Open   stm32h7xx_hal_pcd.o
    0x08006612   0x08006612   0x00000046   Code   RO         2504    i.HAL_PCD_EP_Receive  stm32h7xx_hal_pcd.o
    0x08006658   0x08006658   0x0000008a   Code   RO         2505    i.HAL_PCD_EP_SetStall  stm32h7xx_hal_pcd.o
    0x080066e2   0x080066e2   0x00000048   Code   RO         2506    i.HAL_PCD_EP_Transmit  stm32h7xx_hal_pcd.o
    0x0800672a   0x0800672a   0x0000070e   Code   RO         2508    i.HAL_PCD_IRQHandler  stm32h7xx_hal_pcd.o
    0x08006e38   0x08006e38   0x00000012   Code   RO         1252    i.HAL_PCD_ISOINIncompleteCallback  usbd_conf.o
    0x08006e4a   0x08006e4a   0x00000012   Code   RO         1253    i.HAL_PCD_ISOOUTIncompleteCallback  usbd_conf.o
    0x08006e5c   0x08006e5c   0x0000015e   Code   RO         2511    i.HAL_PCD_Init      stm32h7xx_hal_pcd.o
    0x08006fba   0x08006fba   0x00000002   PAD
    0x08006fbc   0x08006fbc   0x00000070   Code   RO         1255    i.HAL_PCD_MspInit   usbd_conf.o
    0x0800702c   0x0800702c   0x00000030   Code   RO         1256    i.HAL_PCD_ResetCallback  usbd_conf.o
    0x0800705c   0x0800705c   0x0000000e   Code   RO         1257    i.HAL_PCD_ResumeCallback  usbd_conf.o
    0x0800706a   0x0800706a   0x0000000e   Code   RO         1258    i.HAL_PCD_SOFCallback  usbd_conf.o
    0x08007078   0x08007078   0x00000034   Code   RO         2517    i.HAL_PCD_SetAddress  stm32h7xx_hal_pcd.o
    0x080070ac   0x080070ac   0x00000012   Code   RO         1259    i.HAL_PCD_SetupStageCallback  usbd_conf.o
    0x080070be   0x080070be   0x0000004c   Code   RO         2520    i.HAL_PCD_Start     stm32h7xx_hal_pcd.o
    0x0800710a   0x0800710a   0x00000002   PAD
    0x0800710c   0x0800710c   0x00000034   Code   RO         1260    i.HAL_PCD_SuspendCallback  usbd_conf.o
    0x08007140   0x08007140   0x00000060   Code   RO         4283    i.HAL_PWREx_ConfigSupply  stm32h7xx_hal_pwr_ex.o
    0x080071a0   0x080071a0   0x00000014   Code   RO         4300    i.HAL_PWREx_EnableUSBVoltageDetector  stm32h7xx_hal_pwr_ex.o
    0x080071b4   0x080071b4   0x00000024   Code   RO         3225    i.HAL_RCCEx_GetD3PCLK1Freq  stm32h7xx_hal_rcc_ex.o
    0x080071d8   0x080071d8   0x00000230   Code   RO         3226    i.HAL_RCCEx_GetPLL1ClockFreq  stm32h7xx_hal_rcc_ex.o
    0x08007408   0x08007408   0x00000230   Code   RO         3227    i.HAL_RCCEx_GetPLL2ClockFreq  stm32h7xx_hal_rcc_ex.o
    0x08007638   0x08007638   0x00000230   Code   RO         3228    i.HAL_RCCEx_GetPLL3ClockFreq  stm32h7xx_hal_rcc_ex.o
    0x08007868   0x08007868   0x000007ac   Code   RO         3230    i.HAL_RCCEx_GetPeriphCLKFreq  stm32h7xx_hal_rcc_ex.o
    0x08008014   0x08008014   0x00000cc8   Code   RO         3234    i.HAL_RCCEx_PeriphCLKConfig  stm32h7xx_hal_rcc_ex.o
    0x08008cdc   0x08008cdc   0x00000320   Code   RO         3110    i.HAL_RCC_ClockConfig  stm32h7xx_hal_rcc.o
    0x08008ffc   0x08008ffc   0x0000006c   Code   RO         3114    i.HAL_RCC_GetClockConfig  stm32h7xx_hal_rcc.o
    0x08009068   0x08009068   0x0000004c   Code   RO         3115    i.HAL_RCC_GetHCLKFreq  stm32h7xx_hal_rcc.o
    0x080090b4   0x080090b4   0x00000024   Code   RO         3117    i.HAL_RCC_GetPCLK1Freq  stm32h7xx_hal_rcc.o
    0x080090d8   0x080090d8   0x00000024   Code   RO         3118    i.HAL_RCC_GetPCLK2Freq  stm32h7xx_hal_rcc.o
    0x080090fc   0x080090fc   0x0000022c   Code   RO         3119    i.HAL_RCC_GetSysClockFreq  stm32h7xx_hal_rcc.o
    0x08009328   0x08009328   0x000000bc   Code   RO         3120    i.HAL_RCC_MCOConfig  stm32h7xx_hal_rcc.o
    0x080093e4   0x080093e4   0x0000075c   Code   RO         3122    i.HAL_RCC_OscConfig  stm32h7xx_hal_rcc.o
    0x08009b40   0x08009b40   0x00000098   Code   RO         7809    i.HAL_RS485Ex_Init  stm32h7xx_hal_uart_ex.o
    0x08009bd8   0x08009bd8   0x000001b0   Code   RO         7062    i.HAL_SPI_Init      stm32h7xx_hal_spi.o
    0x08009d88   0x08009d88   0x00000250   Code   RO          656    i.HAL_SPI_MspInit   spi.o
    0x08009fd8   0x08009fd8   0x000002b4   Code   RO         7071    i.HAL_SPI_Transmit  stm32h7xx_hal_spi.o
    0x0800a28c   0x0800a28c   0x00000454   Code   RO         7072    i.HAL_SPI_TransmitReceive  stm32h7xx_hal_spi.o
    0x0800a6e0   0x0800a6e0   0x00000014   Code   RO         4719    i.HAL_SYSCFG_AnalogSwitchConfig  stm32h7xx_hal.o
    0x0800a6f4   0x0800a6f4   0x00000002   Code   RO         2186    i.HAL_TIMEx_Break2Callback  stm32h7xx_hal_tim_ex.o
    0x0800a6f6   0x0800a6f6   0x00000002   Code   RO         2187    i.HAL_TIMEx_BreakCallback  stm32h7xx_hal_tim_ex.o
    0x0800a6f8   0x0800a6f8   0x00000002   Code   RO         2188    i.HAL_TIMEx_CommutCallback  stm32h7xx_hal_tim_ex.o
    0x0800a6fa   0x0800a6fa   0x00000002   PAD
    0x0800a6fc   0x0800a6fc   0x000000c8   Code   RO         2190    i.HAL_TIMEx_ConfigBreakDeadTime  stm32h7xx_hal_tim_ex.o
    0x0800a7c4   0x0800a7c4   0x000000e4   Code   RO         2209    i.HAL_TIMEx_MasterConfigSynchronization  stm32h7xx_hal_tim_ex.o
    0x0800a8a8   0x0800a8a8   0x0000006e   Code   RO         1461    i.HAL_TIM_Base_Init  stm32h7xx_hal_tim.o
    0x0800a916   0x0800a916   0x00000002   Code   RO         1463    i.HAL_TIM_Base_MspInit  stm32h7xx_hal_tim.o
    0x0800a918   0x0800a918   0x000000cc   Code   RO         1466    i.HAL_TIM_Base_Start_IT  stm32h7xx_hal_tim.o
    0x0800a9e4   0x0800a9e4   0x00000002   Code   RO         1495    i.HAL_TIM_IC_CaptureCallback  stm32h7xx_hal_tim.o
    0x0800a9e6   0x0800a9e6   0x00000198   Code   RO         1509    i.HAL_TIM_IRQHandler  stm32h7xx_hal_tim.o
    0x0800ab7e   0x0800ab7e   0x00000002   PAD
    0x0800ab80   0x0800ab80   0x00000130   Code   RO          709    i.HAL_TIM_MspPostInit  tim.o
    0x0800acb0   0x0800acb0   0x00000002   Code   RO         1512    i.HAL_TIM_OC_DelayElapsedCallback  stm32h7xx_hal_tim.o
    0x0800acb2   0x0800acb2   0x00000170   Code   RO         1533    i.HAL_TIM_PWM_ConfigChannel  stm32h7xx_hal_tim.o
    0x0800ae22   0x0800ae22   0x0000006e   Code   RO         1536    i.HAL_TIM_PWM_Init  stm32h7xx_hal_tim.o
    0x0800ae90   0x0800ae90   0x000000b0   Code   RO          711    i.HAL_TIM_PWM_MspInit  tim.o
    0x0800af40   0x0800af40   0x00000002   Code   RO         1539    i.HAL_TIM_PWM_PulseFinishedCallback  stm32h7xx_hal_tim.o
    0x0800af42   0x0800af42   0x00000002   PAD
    0x0800af44   0x0800af44   0x0000017c   Code   RO         1541    i.HAL_TIM_PWM_Start  stm32h7xx_hal_tim.o
    0x0800b0c0   0x0800b0c0   0x00000018   Code   RO          247    i.HAL_TIM_PeriodElapsedCallback  main.o
    0x0800b0d8   0x0800b0d8   0x00000002   Code   RO         1552    i.HAL_TIM_TriggerCallback  stm32h7xx_hal_tim.o
    0x0800b0da   0x0800b0da   0x0000004e   Code   RO         7810    i.HAL_UARTEx_DisableFifoMode  stm32h7xx_hal_uart_ex.o
    0x0800b128   0x0800b128   0x00000002   Code   RO         7394    i.HAL_UARTEx_RxEventCallback  stm32h7xx_hal_uart.o
    0x0800b12a   0x0800b12a   0x00000002   Code   RO         7818    i.HAL_UARTEx_RxFifoFullCallback  stm32h7xx_hal_uart_ex.o
    0x0800b12c   0x0800b12c   0x0000005e   Code   RO         7819    i.HAL_UARTEx_SetRxFifoThreshold  stm32h7xx_hal_uart_ex.o
    0x0800b18a   0x0800b18a   0x0000005e   Code   RO         7820    i.HAL_UARTEx_SetTxFifoThreshold  stm32h7xx_hal_uart_ex.o
    0x0800b1e8   0x0800b1e8   0x00000002   Code   RO         7822    i.HAL_UARTEx_TxFifoEmptyCallback  stm32h7xx_hal_uart_ex.o
    0x0800b1ea   0x0800b1ea   0x00000002   Code   RO         7823    i.HAL_UARTEx_WakeupCallback  stm32h7xx_hal_uart_ex.o
    0x0800b1ec   0x0800b1ec   0x00000002   Code   RO         7410    i.HAL_UART_ErrorCallback  stm32h7xx_hal_uart.o
    0x0800b1ee   0x0800b1ee   0x00000002   PAD
    0x0800b1f0   0x0800b1f0   0x000004b6   Code   RO         7413    i.HAL_UART_IRQHandler  stm32h7xx_hal_uart.o
    0x0800b6a6   0x0800b6a6   0x00000078   Code   RO         7414    i.HAL_UART_Init     stm32h7xx_hal_uart.o
    0x0800b71e   0x0800b71e   0x00000002   PAD
    0x0800b720   0x0800b720   0x00000340   Code   RO          776    i.HAL_UART_MspInit  usart.o
    0x0800ba60   0x0800ba60   0x0000005c   Code   RO         7419    i.HAL_UART_Receive_IT  stm32h7xx_hal_uart.o
    0x0800babc   0x0800babc   0x0000009c   Code   RO        10760    i.HAL_UART_RxCpltCallback  fun_test_task.o
    0x0800bb58   0x0800bb58   0x000000c2   Code   RO         7423    i.HAL_UART_Transmit  stm32h7xx_hal_uart.o
    0x0800bc1a   0x0800bc1a   0x00000002   Code   RO         7426    i.HAL_UART_TxCpltCallback  stm32h7xx_hal_uart.o
    0x0800bc1c   0x0800bc1c   0x00000004   Code   RO          860    i.HardFault_Handler  stm32h7xx_it.o
    0x0800bc20   0x0800bc20   0x00000184   Code   RO        10706    i.ImuTask_Entry     imu_task.o
    0x0800bda4   0x0800bda4   0x0000003e   Code   RO         1092    i.IntToUnicode      usbd_desc.o
    0x0800bde2   0x0800bde2   0x00000002   PAD
    0x0800bde4   0x0800bde4   0x00000078   Code   RO        10639    i.KeyTask_Entry     key_task.o
    0x0800be5c   0x0800be5c   0x00000042   Code   RO        10142    i.LCD_Address_Set   lcd.o
    0x0800be9e   0x0800be9e   0x000000ac   Code   RO        10143    i.LCD_DrawLine      lcd.o
    0x0800bf4a   0x0800bf4a   0x0000001c   Code   RO        10144    i.LCD_DrawPoint     lcd.o
    0x0800bf66   0x0800bf66   0x0000004a   Code   RO        10146    i.LCD_Fill          lcd.o
    0x0800bfb0   0x0800bfb0   0x0000019c   Code   RO        10147    i.LCD_Init          lcd.o
    0x0800c14c   0x0800c14c   0x00000158   Code   RO        10148    i.LCD_ShowChar      lcd.o
    0x0800c2a4   0x0800c2a4   0x0000008c   Code   RO        10149    i.LCD_ShowChinese   lcd.o
    0x0800c330   0x0800c330   0x00000148   Code   RO        10150    i.LCD_ShowChinese12x12  lcd.o
    0x0800c478   0x0800c478   0x00000138   Code   RO        10151    i.LCD_ShowChinese16x16  lcd.o
    0x0800c5b0   0x0800c5b0   0x00000148   Code   RO        10152    i.LCD_ShowChinese24x24  lcd.o
    0x0800c6f8   0x0800c6f8   0x00000138   Code   RO        10153    i.LCD_ShowChinese32x32  lcd.o
    0x0800c830   0x0800c830   0x00000130   Code   RO        10154    i.LCD_ShowFloatNum  lcd.o
    0x0800c960   0x0800c960   0x00000066   Code   RO        10157    i.LCD_ShowPicture   lcd.o
    0x0800c9c6   0x0800c9c6   0x00000042   Code   RO        10158    i.LCD_ShowString    lcd.o
    0x0800ca08   0x0800ca08   0x00000012   Code   RO        10159    i.LCD_WR_DATA       lcd.o
    0x0800ca1a   0x0800ca1a   0x0000000c   Code   RO        10160    i.LCD_WR_DATA8      lcd.o
    0x0800ca26   0x0800ca26   0x00000002   PAD
    0x0800ca28   0x0800ca28   0x00000028   Code   RO        10161    i.LCD_WR_REG        lcd.o
    0x0800ca50   0x0800ca50   0x00000030   Code   RO        10162    i.LCD_Writ_Bus      lcd.o
    0x0800ca80   0x0800ca80   0x00000010   Code   RO         5658    i.LL_ADC_Enable     stm32h7xx_hal_adc.o
    0x0800ca90   0x0800ca90   0x0000000a   Code   RO         5660    i.LL_ADC_GetMultimode  stm32h7xx_hal_adc.o
    0x0800ca9a   0x0800ca9a   0x00000012   Code   RO         5661    i.LL_ADC_GetOffsetChannel  stm32h7xx_hal_adc.o
    0x0800caac   0x0800caac   0x0000000a   Code   RO         5662    i.LL_ADC_INJ_IsConversionOngoing  stm32h7xx_hal_adc.o
    0x0800cab6   0x0800cab6   0x0000000a   Code   RO         5663    i.LL_ADC_IsDisableOngoing  stm32h7xx_hal_adc.o
    0x0800cac0   0x0800cac0   0x0000000a   Code   RO         5664    i.LL_ADC_IsEnabled  stm32h7xx_hal_adc.o
    0x0800caca   0x0800caca   0x0000000a   Code   RO         5933    i.LL_ADC_IsEnabled  stm32h7xx_hal_adc_ex.o
    0x0800cad4   0x0800cad4   0x0000000a   Code   RO         5665    i.LL_ADC_IsInternalRegulatorEnabled  stm32h7xx_hal_adc.o
    0x0800cade   0x0800cade   0x0000000a   Code   RO         5666    i.LL_ADC_REG_IsConversionOngoing  stm32h7xx_hal_adc.o
    0x0800cae8   0x0800cae8   0x0000000a   Code   RO         5934    i.LL_ADC_REG_IsConversionOngoing  stm32h7xx_hal_adc_ex.o
    0x0800caf2   0x0800caf2   0x00000012   Code   RO         5667    i.LL_ADC_REG_IsTriggerSourceSWStart  stm32h7xx_hal_adc.o
    0x0800cb04   0x0800cb04   0x00000010   Code   RO         5668    i.LL_ADC_REG_StartConversion  stm32h7xx_hal_adc.o
    0x0800cb14   0x0800cb14   0x0000000c   Code   RO         5670    i.LL_ADC_SetCommonPathInternalCh  stm32h7xx_hal_adc.o
    0x0800cb20   0x0800cb20   0x00000030   Code   RO         5671    i.LL_ADC_SetOffsetState  stm32h7xx_hal_adc.o
    0x0800cb50   0x0800cb50   0x000000c8   Code   RO        10669    i.LcdTask_Entry     lcd_task.o
    0x0800cc18   0x0800cc18   0x000000c8   Code   RO          494    i.MX_ADC1_Init      adc.o
    0x0800cce0   0x0800cce0   0x00000034   Code   RO          534    i.MX_DMA_Init       dma.o
    0x0800cd14   0x0800cd14   0x0000007c   Code   RO          560    i.MX_FDCAN1_Init    fdcan.o
    0x0800cd90   0x0800cd90   0x00000078   Code   RO          561    i.MX_FDCAN2_Init    fdcan.o
    0x0800ce08   0x0800ce08   0x00000078   Code   RO          562    i.MX_FDCAN3_Init    fdcan.o
    0x0800ce80   0x0800ce80   0x00000098   Code   RO          416    i.MX_FREERTOS_Init  freertos.o
    0x0800cf18   0x0800cf18   0x000001e0   Code   RO          388    i.MX_GPIO_Init      gpio.o
    0x0800d0f8   0x0800d0f8   0x000000a4   Code   RO          615    i.MX_OCTOSPI2_Init  octospi.o
    0x0800d19c   0x0800d19c   0x00000064   Code   RO          657    i.MX_SPI1_Init      spi.o
    0x0800d200   0x0800d200   0x00000064   Code   RO          658    i.MX_SPI2_Init      spi.o
    0x0800d264   0x0800d264   0x00000064   Code   RO          659    i.MX_SPI6_Init      spi.o
    0x0800d2c8   0x0800d2c8   0x0000007c   Code   RO          712    i.MX_TIM12_Init     tim.o
    0x0800d344   0x0800d344   0x000000d4   Code   RO          713    i.MX_TIM1_Init      tim.o
    0x0800d418   0x0800d418   0x00000090   Code   RO          714    i.MX_TIM2_Init      tim.o
    0x0800d4a8   0x0800d4a8   0x00000080   Code   RO          715    i.MX_TIM3_Init      tim.o
    0x0800d528   0x0800d528   0x0000006c   Code   RO          777    i.MX_UART7_Init     usart.o
    0x0800d594   0x0800d594   0x0000006c   Code   RO          778    i.MX_USART10_UART_Init  usart.o
    0x0800d600   0x0800d600   0x0000006c   Code   RO          779    i.MX_USART1_UART_Init  usart.o
    0x0800d66c   0x0800d66c   0x00000070   Code   RO          780    i.MX_USART2_UART_Init  usart.o
    0x0800d6dc   0x0800d6dc   0x00000070   Code   RO          781    i.MX_USART3_UART_Init  usart.o
    0x0800d74c   0x0800d74c   0x00000050   Code   RO         1056    i.MX_USB_DEVICE_Init  usb_device.o
    0x0800d79c   0x0800d79c   0x000002f8   Code   RO        10793    i.MahonyAHRSupdateIMU  mahonyahrs.o
    0x0800da94   0x0800da94   0x00000004   Code   RO          861    i.MemManage_Handler  stm32h7xx_it.o
    0x0800da98   0x0800da98   0x00000004   Code   RO          862    i.NMI_Handler       stm32h7xx_it.o
    0x0800da9c   0x0800da9c   0x000000e8   Code   RO         6818    i.OSPIM_GetConfig   stm32h7xx_hal_ospi.o
    0x0800db84   0x0800db84   0x0000004c   Code   RO         6824    i.OSPI_WaitFlagStateUntilTimeout  stm32h7xx_hal_ospi.o
    0x0800dbd0   0x0800dbd0   0x00000010   Code   RO          863    i.OTG_HS_IRQHandler  stm32h7xx_it.o
    0x0800dbe0   0x0800dbe0   0x00000064   Code   RO         2523    i.PCD_EP_OutSetupPacket_int  stm32h7xx_hal_pcd.o
    0x0800dc44   0x0800dc44   0x00000144   Code   RO         2524    i.PCD_EP_OutXfrComplete_int  stm32h7xx_hal_pcd.o
    0x0800dd88   0x0800dd88   0x000000b6   Code   RO         2525    i.PCD_WriteEmptyTxFifo  stm32h7xx_hal_pcd.o
    0x0800de3e   0x0800de3e   0x00000002   PAD
    0x0800de40   0x0800de40   0x00000164   Code   RO         3237    i.RCCEx_PLL2_Config  stm32h7xx_hal_rcc_ex.o
    0x0800dfa4   0x0800dfa4   0x00000164   Code   RO         3238    i.RCCEx_PLL3_Config  stm32h7xx_hal_rcc_ex.o
    0x0800e108   0x0800e108   0x000000d6   Code   RO         7082    i.SPI_CloseTransfer  stm32h7xx_hal_spi.o
    0x0800e1de   0x0800e1de   0x0000001a   Code   RO         7093    i.SPI_GetPacketSize  stm32h7xx_hal_spi.o
    0x0800e1f8   0x0800e1f8   0x00000042   Code   RO         7100    i.SPI_WaitOnFlagUntilTimeout  stm32h7xx_hal_spi.o
    0x0800e23a   0x0800e23a   0x00000012   Code   RO         9784    i.SWAPBYTE          usbd_ctlreq.o
    0x0800e24c   0x0800e24c   0x0000000e   Code   RO          417    i.StartDefaultTask  freertos.o
    0x0800e25a   0x0800e25a   0x00000002   PAD
    0x0800e25c   0x0800e25c   0x00000034   Code   RO         9539    i.SysTick_Handler   port.o
    0x0800e290   0x0800e290   0x000000d0   Code   RO          249    i.SystemClock_Config  main.o
    0x0800e360   0x0800e360   0x000000e0   Code   RO         7934    i.SystemInit        system_stm32h7xx.o
    0x0800e440   0x0800e440   0x00000010   Code   RO          864    i.TIM23_IRQHandler  stm32h7xx_it.o
    0x0800e450   0x0800e450   0x000000e8   Code   RO         1554    i.TIM_Base_SetConfig  stm32h7xx_hal_tim.o
    0x0800e538   0x0800e538   0x00000022   Code   RO         1555    i.TIM_CCxChannelCmd  stm32h7xx_hal_tim.o
    0x0800e55a   0x0800e55a   0x00000002   PAD
    0x0800e55c   0x0800e55c   0x000000ac   Code   RO         1567    i.TIM_OC1_SetConfig  stm32h7xx_hal_tim.o
    0x0800e608   0x0800e608   0x000000b4   Code   RO         1568    i.TIM_OC2_SetConfig  stm32h7xx_hal_tim.o
    0x0800e6bc   0x0800e6bc   0x000000b4   Code   RO         1569    i.TIM_OC3_SetConfig  stm32h7xx_hal_tim.o
    0x0800e770   0x0800e770   0x00000074   Code   RO         1570    i.TIM_OC4_SetConfig  stm32h7xx_hal_tim.o
    0x0800e7e4   0x0800e7e4   0x00000070   Code   RO         1571    i.TIM_OC5_SetConfig  stm32h7xx_hal_tim.o
    0x0800e854   0x0800e854   0x00000070   Code   RO         1572    i.TIM_OC6_SetConfig  stm32h7xx_hal_tim.o
    0x0800e8c4   0x0800e8c4   0x00000010   Code   RO          865    i.UART7_IRQHandler  stm32h7xx_it.o
    0x0800e8d4   0x0800e8d4   0x00000058   Code   RO         7824    i.UARTEx_SetNbDataToProcess  stm32h7xx_hal_uart_ex.o
    0x0800e92c   0x0800e92c   0x000000f8   Code   RO         7428    i.UART_AdvFeatureConfig  stm32h7xx_hal_uart.o
    0x0800ea24   0x0800ea24   0x000000ea   Code   RO         7429    i.UART_CheckIdleState  stm32h7xx_hal_uart.o
    0x0800eb0e   0x0800eb0e   0x00000014   Code   RO         7430    i.UART_DMAAbortOnError  stm32h7xx_hal_uart.o
    0x0800eb22   0x0800eb22   0x00000002   PAD
    0x0800eb24   0x0800eb24   0x0000006c   Code   RO         7440    i.UART_EndRxTransfer  stm32h7xx_hal_uart.o
    0x0800eb90   0x0800eb90   0x00000030   Code   RO         7441    i.UART_EndTransmit_IT  stm32h7xx_hal_uart.o
    0x0800ebc0   0x0800ebc0   0x00000104   Code   RO         7443    i.UART_RxISR_16BIT  stm32h7xx_hal_uart.o
    0x0800ecc4   0x0800ecc4   0x00000200   Code   RO         7444    i.UART_RxISR_16BIT_FIFOEN  stm32h7xx_hal_uart.o
    0x0800eec4   0x0800eec4   0x00000104   Code   RO         7445    i.UART_RxISR_8BIT   stm32h7xx_hal_uart.o
    0x0800efc8   0x0800efc8   0x000001fc   Code   RO         7446    i.UART_RxISR_8BIT_FIFOEN  stm32h7xx_hal_uart.o
    0x0800f1c4   0x0800f1c4   0x00000628   Code   RO         7447    i.UART_SetConfig    stm32h7xx_hal_uart.o
    0x0800f7ec   0x0800f7ec   0x0000015c   Code   RO         7449    i.UART_Start_Receive_IT  stm32h7xx_hal_uart.o
    0x0800f948   0x0800f948   0x000000ac   Code   RO         7454    i.UART_WaitOnFlagUntilTimeout  stm32h7xx_hal_uart.o
    0x0800f9f4   0x0800f9f4   0x00000010   Code   RO          866    i.USART10_IRQHandler  stm32h7xx_it.o
    0x0800fa04   0x0800fa04   0x00000010   Code   RO          867    i.USART1_IRQHandler  stm32h7xx_it.o
    0x0800fa14   0x0800fa14   0x00000010   Code   RO          868    i.USART2_IRQHandler  stm32h7xx_it.o
    0x0800fa24   0x0800fa24   0x00000010   Code   RO          869    i.USART3_IRQHandler  stm32h7xx_it.o
    0x0800fa34   0x0800fa34   0x000000c4   Code   RO         9955    i.USBD_CDC_DataIn   usbd_cdc.o
    0x0800faf8   0x0800faf8   0x00000048   Code   RO         9956    i.USBD_CDC_DataOut  usbd_cdc.o
    0x0800fb40   0x0800fb40   0x000000d4   Code   RO         9957    i.USBD_CDC_DeInit   usbd_cdc.o
    0x0800fc14   0x0800fc14   0x00000050   Code   RO         9958    i.USBD_CDC_EP0_RxReady  usbd_cdc.o
    0x0800fc64   0x0800fc64   0x00000010   Code   RO         9959    i.USBD_CDC_GetDeviceQualifierDescriptor  usbd_cdc.o
    0x0800fc74   0x0800fc74   0x00000044   Code   RO         9960    i.USBD_CDC_GetFSCfgDesc  usbd_cdc.o
    0x0800fcb8   0x0800fcb8   0x00000048   Code   RO         9961    i.USBD_CDC_GetHSCfgDesc  usbd_cdc.o
    0x0800fd00   0x0800fd00   0x00000044   Code   RO         9962    i.USBD_CDC_GetOtherSpeedCfgDesc  usbd_cdc.o
    0x0800fd44   0x0800fd44   0x000001a0   Code   RO         9963    i.USBD_CDC_Init     usbd_cdc.o
    0x0800fee4   0x0800fee4   0x00000050   Code   RO         9964    i.USBD_CDC_ReceivePacket  usbd_cdc.o
    0x0800ff34   0x0800ff34   0x00000018   Code   RO         9965    i.USBD_CDC_RegisterInterface  usbd_cdc.o
    0x0800ff4c   0x0800ff4c   0x0000001e   Code   RO         9966    i.USBD_CDC_SetRxBuffer  usbd_cdc.o
    0x0800ff6a   0x0800ff6a   0x00000024   Code   RO         9967    i.USBD_CDC_SetTxBuffer  usbd_cdc.o
    0x0800ff8e   0x0800ff8e   0x00000140   Code   RO         9968    i.USBD_CDC_Setup    usbd_cdc.o
    0x080100ce   0x080100ce   0x00000002   PAD
    0x080100d0   0x080100d0   0x0000005c   Code   RO         9969    i.USBD_CDC_TransmitPacket  usbd_cdc.o
    0x0801012c   0x0801012c   0x0000001c   Code   RO         9618    i.USBD_ClrClassConfig  usbd_core.o
    0x08010148   0x08010148   0x0000003e   Code   RO         9785    i.USBD_ClrFeature   usbd_ctlreq.o
    0x08010186   0x08010186   0x00000006   Code   RO         9619    i.USBD_CoreFindEP   usbd_core.o
    0x0801018c   0x0801018c   0x00000006   Code   RO         9620    i.USBD_CoreFindIF   usbd_core.o
    0x08010192   0x08010192   0x00000018   Code   RO         9891    i.USBD_CtlContinueRx  usbd_ioreq.o
    0x080101aa   0x080101aa   0x00000018   Code   RO         9892    i.USBD_CtlContinueSendData  usbd_ioreq.o
    0x080101c2   0x080101c2   0x00000018   Code   RO         9786    i.USBD_CtlError     usbd_ctlreq.o
    0x080101da   0x080101da   0x00000028   Code   RO         9893    i.USBD_CtlPrepareRx  usbd_ioreq.o
    0x08010202   0x08010202   0x0000001a   Code   RO         9894    i.USBD_CtlReceiveStatus  usbd_ioreq.o
    0x0801021c   0x0801021c   0x00000022   Code   RO         9895    i.USBD_CtlSendData  usbd_ioreq.o
    0x0801023e   0x0801023e   0x0000001a   Code   RO         9896    i.USBD_CtlSendStatus  usbd_ioreq.o
    0x08010258   0x08010258   0x00000056   Code   RO         9787    i.USBD_GetConfig    usbd_ctlreq.o
    0x080102ae   0x080102ae   0x00000232   Code   RO         9788    i.USBD_GetDescriptor  usbd_ctlreq.o
    0x080104e0   0x080104e0   0x00000050   Code   RO         9622    i.USBD_GetEpDesc    usbd_core.o
    0x08010530   0x08010530   0x00000016   Code   RO         9789    i.USBD_GetLen       usbd_ctlreq.o
    0x08010546   0x08010546   0x00000014   Code   RO         9623    i.USBD_GetNextDesc  usbd_core.o
    0x0801055a   0x0801055a   0x0000005a   Code   RO         9790    i.USBD_GetStatus    usbd_ctlreq.o
    0x080105b4   0x080105b4   0x00000068   Code   RO         9791    i.USBD_GetString    usbd_ctlreq.o
    0x0801061c   0x0801061c   0x0000002c   Code   RO         1261    i.USBD_Get_USB_Status  usbd_conf.o
    0x08010648   0x08010648   0x00000034   Code   RO         1093    i.USBD_HS_ConfigStrDescriptor  usbd_desc.o
    0x0801067c   0x0801067c   0x00000010   Code   RO         1094    i.USBD_HS_DeviceDescriptor  usbd_desc.o
    0x0801068c   0x0801068c   0x00000038   Code   RO         1095    i.USBD_HS_InterfaceStrDescriptor  usbd_desc.o
    0x080106c4   0x080106c4   0x00000010   Code   RO         1096    i.USBD_HS_LangIDStrDescriptor  usbd_desc.o
    0x080106d4   0x080106d4   0x0000002c   Code   RO         1097    i.USBD_HS_ManufacturerStrDescriptor  usbd_desc.o
    0x08010700   0x08010700   0x00000040   Code   RO         1098    i.USBD_HS_ProductStrDescriptor  usbd_desc.o
    0x08010740   0x08010740   0x00000018   Code   RO         1099    i.USBD_HS_SerialStrDescriptor  usbd_desc.o
    0x08010758   0x08010758   0x0000003a   Code   RO         9624    i.USBD_Init         usbd_core.o
    0x08010792   0x08010792   0x00000026   Code   RO         1262    i.USBD_LL_ClearStallEP  usbd_conf.o
    0x080107b8   0x080107b8   0x00000026   Code   RO         1263    i.USBD_LL_CloseEP   usbd_conf.o
    0x080107de   0x080107de   0x00000108   Code   RO         9625    i.USBD_LL_DataInStage  usbd_core.o
    0x080108e6   0x080108e6   0x00000102   Code   RO         9626    i.USBD_LL_DataOutStage  usbd_core.o
    0x080109e8   0x080109e8   0x00000006   Code   RO         9627    i.USBD_LL_DevConnected  usbd_core.o
    0x080109ee   0x080109ee   0x00000026   Code   RO         9628    i.USBD_LL_DevDisconnected  usbd_core.o
    0x08010a14   0x08010a14   0x00000012   Code   RO         1267    i.USBD_LL_GetRxDataSize  usbd_conf.o
    0x08010a26   0x08010a26   0x00000002   PAD
    0x08010a28   0x08010a28   0x00000070   Code   RO         1268    i.USBD_LL_Init      usbd_conf.o
    0x08010a98   0x08010a98   0x00000038   Code   RO         1269    i.USBD_LL_IsStallEP  usbd_conf.o
    0x08010ad0   0x08010ad0   0x00000048   Code   RO         9629    i.USBD_LL_IsoINIncomplete  usbd_core.o
    0x08010b18   0x08010b18   0x00000048   Code   RO         9630    i.USBD_LL_IsoOUTIncomplete  usbd_core.o
    0x08010b60   0x08010b60   0x00000030   Code   RO         1270    i.USBD_LL_OpenEP    usbd_conf.o
    0x08010b90   0x08010b90   0x00000030   Code   RO         1271    i.USBD_LL_PrepareReceive  usbd_conf.o
    0x08010bc0   0x08010bc0   0x0000006c   Code   RO         9631    i.USBD_LL_Reset     usbd_core.o
    0x08010c2c   0x08010c2c   0x00000016   Code   RO         9632    i.USBD_LL_Resume    usbd_core.o
    0x08010c42   0x08010c42   0x00000028   Code   RO         9633    i.USBD_LL_SOF       usbd_core.o
    0x08010c6a   0x08010c6a   0x00000008   Code   RO         9634    i.USBD_LL_SetSpeed  usbd_core.o
    0x08010c72   0x08010c72   0x00000026   Code   RO         1272    i.USBD_LL_SetUSBAddress  usbd_conf.o
    0x08010c98   0x08010c98   0x00000076   Code   RO         9635    i.USBD_LL_SetupStage  usbd_core.o
    0x08010d0e   0x08010d0e   0x00000026   Code   RO         1273    i.USBD_LL_StallEP   usbd_conf.o
    0x08010d34   0x08010d34   0x0000001e   Code   RO         1274    i.USBD_LL_Start     usbd_conf.o
    0x08010d52   0x08010d52   0x0000001c   Code   RO         9636    i.USBD_LL_Suspend   usbd_core.o
    0x08010d6e   0x08010d6e   0x00000030   Code   RO         1276    i.USBD_LL_Transmit  usbd_conf.o
    0x08010d9e   0x08010d9e   0x00000036   Code   RO         9792    i.USBD_ParseSetupRequest  usbd_ctlreq.o
    0x08010dd4   0x08010dd4   0x00000048   Code   RO         9637    i.USBD_RegisterClass  usbd_core.o
    0x08010e1c   0x08010e1c   0x00000006   Code   RO         9638    i.USBD_RunTestMode  usbd_core.o
    0x08010e22   0x08010e22   0x0000005a   Code   RO         9793    i.USBD_SetAddress   usbd_ctlreq.o
    0x08010e7c   0x08010e7c   0x00000020   Code   RO         9639    i.USBD_SetClassConfig  usbd_core.o
    0x08010e9c   0x08010e9c   0x00000104   Code   RO         9794    i.USBD_SetConfig    usbd_ctlreq.o
    0x08010fa0   0x08010fa0   0x00000038   Code   RO         9795    i.USBD_SetFeature   usbd_ctlreq.o
    0x08010fd8   0x08010fd8   0x0000000c   Code   RO         9640    i.USBD_Start        usbd_core.o
    0x08010fe4   0x08010fe4   0x000000ae   Code   RO         9796    i.USBD_StdDevReq    usbd_ctlreq.o
    0x08011092   0x08011092   0x00000280   Code   RO         9797    i.USBD_StdEPReq     usbd_ctlreq.o
    0x08011312   0x08011312   0x000000ae   Code   RO         9798    i.USBD_StdItfReq    usbd_ctlreq.o
    0x080113c0   0x080113c0   0x00000002   Code   RO         1277    i.USBD_static_free  usbd_conf.o
    0x080113c2   0x080113c2   0x00000002   PAD
    0x080113c4   0x080113c4   0x0000000c   Code   RO         1278    i.USBD_static_malloc  usbd_conf.o
    0x080113d0   0x080113d0   0x000000d0   Code   RO         2799    i.USB_ActivateEndpoint  stm32h7xx_ll_usb.o
    0x080114a0   0x080114a0   0x00000028   Code   RO         2801    i.USB_ActivateSetup  stm32h7xx_ll_usb.o
    0x080114c8   0x080114c8   0x000000a0   Code   RO         2803    i.USB_CoreInit      stm32h7xx_ll_usb.o
    0x08011568   0x08011568   0x00000054   Code   RO         2804    i.USB_CoreReset     stm32h7xx_ll_usb.o
    0x080115bc   0x080115bc   0x0000014c   Code   RO         2807    i.USB_DeactivateEndpoint  stm32h7xx_ll_usb.o
    0x08011708   0x08011708   0x00000024   Code   RO         2808    i.USB_DevConnect    stm32h7xx_ll_usb.o
    0x0801172c   0x0801172c   0x00000024   Code   RO         2809    i.USB_DevDisconnect  stm32h7xx_ll_usb.o
    0x08011750   0x08011750   0x000001e0   Code   RO         2810    i.USB_DevInit       stm32h7xx_ll_usb.o
    0x08011930   0x08011930   0x0000000e   Code   RO         2811    i.USB_DisableGlobalInt  stm32h7xx_ll_usb.o
    0x0801193e   0x0801193e   0x00000002   PAD
    0x08011940   0x08011940   0x00000070   Code   RO         2814    i.USB_EP0_OutStart  stm32h7xx_ll_usb.o
    0x080119b0   0x080119b0   0x0000008e   Code   RO         2815    i.USB_EPClearStall  stm32h7xx_ll_usb.o
    0x08011a3e   0x08011a3e   0x0000009a   Code   RO         2816    i.USB_EPSetStall    stm32h7xx_ll_usb.o
    0x08011ad8   0x08011ad8   0x000003c0   Code   RO         2817    i.USB_EPStartXfer   stm32h7xx_ll_usb.o
    0x08011e98   0x08011e98   0x000000ec   Code   RO         2818    i.USB_EPStopXfer    stm32h7xx_ll_usb.o
    0x08011f84   0x08011f84   0x0000000e   Code   RO         2819    i.USB_EnableGlobalInt  stm32h7xx_ll_usb.o
    0x08011f92   0x08011f92   0x00000050   Code   RO         2820    i.USB_FlushRxFifo   stm32h7xx_ll_usb.o
    0x08011fe2   0x08011fe2   0x00000054   Code   RO         2821    i.USB_FlushTxFifo   stm32h7xx_ll_usb.o
    0x08012036   0x08012036   0x00000026   Code   RO         2823    i.USB_GetDevSpeed   stm32h7xx_ll_usb.o
    0x0801205c   0x0801205c   0x0000000a   Code   RO         2825    i.USB_GetMode       stm32h7xx_ll_usb.o
    0x08012066   0x08012066   0x00000014   Code   RO         2833    i.USB_ReadDevAllInEpInterrupt  stm32h7xx_ll_usb.o
    0x0801207a   0x0801207a   0x00000014   Code   RO         2834    i.USB_ReadDevAllOutEpInterrupt  stm32h7xx_ll_usb.o
    0x0801208e   0x0801208e   0x00000032   Code   RO         2835    i.USB_ReadDevInEPInterrupt  stm32h7xx_ll_usb.o
    0x080120c0   0x080120c0   0x0000001a   Code   RO         2836    i.USB_ReadDevOutEPInterrupt  stm32h7xx_ll_usb.o
    0x080120da   0x080120da   0x0000000a   Code   RO         2837    i.USB_ReadInterrupts  stm32h7xx_ll_usb.o
    0x080120e4   0x080120e4   0x00000060   Code   RO         2838    i.USB_ReadPacket    stm32h7xx_ll_usb.o
    0x08012144   0x08012144   0x00000068   Code   RO         2840    i.USB_SetCurrentMode  stm32h7xx_ll_usb.o
    0x080121ac   0x080121ac   0x0000002a   Code   RO         2841    i.USB_SetDevAddress  stm32h7xx_ll_usb.o
    0x080121d6   0x080121d6   0x00000012   Code   RO         2842    i.USB_SetDevSpeed   stm32h7xx_ll_usb.o
    0x080121e8   0x080121e8   0x000000e8   Code   RO         2843    i.USB_SetTurnaroundTime  stm32h7xx_ll_usb.o
    0x080122d0   0x080122d0   0x00000044   Code   RO         2846    i.USB_WritePacket   stm32h7xx_ll_usb.o
    0x08012314   0x08012314   0x00000004   Code   RO          870    i.UsageFault_Handler  stm32h7xx_it.o
    0x08012318   0x08012318   0x000000b0   Code   RO        10306    i.WS2812_Ctrl       ws2812.o
    0x080123c8   0x080123c8   0x00000026   Code   RO        13789    i.__ARM_fpclassifyf  m_wv.l(fpclassifyf.o)
    0x080123ee   0x080123ee   0x00000002   PAD
    0x080123f0   0x080123f0   0x00000010   Code   RO         4545    i.__NVIC_GetPriorityGrouping  stm32h7xx_hal_cortex.o
    0x08012400   0x08012400   0x00000028   Code   RO         4546    i.__NVIC_SetPriority  stm32h7xx_hal_cortex.o
    0x08012428   0x08012428   0x00000138   Code   RO        13210    i.__hardfp_asinf    m_wv.l(asinf.o)
    0x08012560   0x08012560   0x000002b4   Code   RO        13234    i.__hardfp_atan2f   m_wv.l(atan2f.o)
    0x08012814   0x08012814   0x00000006   Code   RO        13792    i.__mathlib_flt_infnan  m_wv.l(funder.o)
    0x0801281a   0x0801281a   0x00000006   Code   RO        13793    i.__mathlib_flt_infnan2  m_wv.l(funder.o)
    0x08012820   0x08012820   0x00000010   Code   RO        13794    i.__mathlib_flt_invalid  m_wv.l(funder.o)
    0x08012830   0x08012830   0x00000010   Code   RO        13797    i.__mathlib_flt_underflow  m_wv.l(funder.o)
    0x08012840   0x08012840   0x0000000e   Code   RO        13895    i.__scatterload_copy  mc_w.l(handlers.o)
    0x0801284e   0x0801284e   0x00000002   Code   RO        13896    i.__scatterload_null  mc_w.l(handlers.o)
    0x08012850   0x08012850   0x0000000e   Code   RO        13897    i.__scatterload_zeroinit  mc_w.l(handlers.o)
    0x0801285e   0x0801285e   0x00000002   PAD
    0x08012860   0x08012860   0x0000000c   Code   RO        13853    i.__set_errno       mc_w.l(errno.o)
    0x0801286c   0x0801286c   0x00000128   Code   RO        10339    i.bmi088_accel_init  bmi088driver.o
    0x08012994   0x08012994   0x000000f4   Code   RO        10340    i.bmi088_gyro_init  bmi088driver.o
    0x08012a88   0x08012a88   0x00000044   Code   RO        10477    i.can_bsp_init      can_bsp.o
    0x08012acc   0x08012acc   0x00000038   Code   RO        10478    i.can_filter_init   can_bsp.o
    0x08012b04   0x08012b04   0x00000014   Code   RO        10479    i.fdcan1_rx_callback  can_bsp.o
    0x08012b18   0x08012b18   0x00000014   Code   RO        10480    i.fdcan2_rx_callback  can_bsp.o
    0x08012b2c   0x08012b2c   0x00000014   Code   RO        10481    i.fdcan3_rx_callback  can_bsp.o
    0x08012b40   0x08012b40   0x00000024   Code   RO        10482    i.fdcanx_receive    can_bsp.o
    0x08012b64   0x08012b64   0x0000003a   Code   RO        10483    i.fdcanx_send_data  can_bsp.o
    0x08012b9e   0x08012b9e   0x00000002   PAD
    0x08012ba0   0x08012ba0   0x0000003c   Code   RO        10794    i.invSqrt           mahonyahrs.o
    0x08012bdc   0x08012bdc   0x0000018c   Code   RO          250    i.main              main.o
    0x08012d68   0x08012d68   0x0000000e   Code   RO         9104    i.makeFreeRtosPriority  cmsis_os.o
    0x08012d76   0x08012d76   0x00000016   Code   RO        10163    i.mypow             lcd.o
    0x08012d8c   0x08012d8c   0x00000018   Code   RO         9106    i.osDelay           cmsis_os.o
    0x08012da4   0x08012da4   0x0000000a   Code   RO         9109    i.osKernelStart     cmsis_os.o
    0x08012dae   0x08012dae   0x0000005e   Code   RO         9143    i.osThreadCreate    cmsis_os.o
    0x08012e0c   0x08012e0c   0x00000098   Code   RO         8548    i.prvAddCurrentTaskToDelayedList  tasks.o
    0x08012ea4   0x08012ea4   0x000000b8   Code   RO         8549    i.prvAddNewTaskToReadyList  tasks.o
    0x08012f5c   0x08012f5c   0x00000074   Code   RO         8924    i.prvCheckForValidListAndQueue  timers.o
    0x08012fd0   0x08012fd0   0x00000048   Code   RO         8550    i.prvCheckTasksWaitingTermination  tasks.o
    0x08013018   0x08013018   0x0000002a   Code   RO         8135    i.prvCopyDataFromQueue  queue.o
    0x08013042   0x08013042   0x0000007e   Code   RO         8136    i.prvCopyDataToQueue  queue.o
    0x080130c0   0x080130c0   0x00000050   Code   RO         8551    i.prvDeleteTCB      tasks.o
    0x08013110   0x08013110   0x00000028   Code   RO         8925    i.prvGetNextExpireTime  timers.o
    0x08013138   0x08013138   0x0000007c   Code   RO         9483    i.prvHeapInit       heap_4.o
    0x080131b4   0x080131b4   0x00000028   Code   RO         8552    i.prvIdleTask       tasks.o
    0x080131dc   0x080131dc   0x0000002a   Code   RO         8139    i.prvInitialiseNewQueue  queue.o
    0x08013206   0x08013206   0x000000be   Code   RO         8553    i.prvInitialiseNewTask  tasks.o
    0x080132c4   0x080132c4   0x00000068   Code   RO         8554    i.prvInitialiseTaskLists  tasks.o
    0x0801332c   0x0801332c   0x00000068   Code   RO         9484    i.prvInsertBlockIntoFreeList  heap_4.o
    0x08013394   0x08013394   0x00000058   Code   RO         8927    i.prvInsertTimerInActiveList  timers.o
    0x080133ec   0x080133ec   0x0000001a   Code   RO         8140    i.prvIsQueueEmpty   queue.o
    0x08013406   0x08013406   0x0000001e   Code   RO         8141    i.prvIsQueueFull    queue.o
    0x08013424   0x08013424   0x00000074   Code   RO         8928    i.prvProcessExpiredTimer  timers.o
    0x08013498   0x08013498   0x00000164   Code   RO         8929    i.prvProcessReceivedCommands  timers.o
    0x080135fc   0x080135fc   0x00000074   Code   RO         8930    i.prvProcessTimerOrBlockTask  timers.o
    0x08013670   0x08013670   0x00000034   Code   RO         8556    i.prvResetNextTaskUnblockTime  tasks.o
    0x080136a4   0x080136a4   0x0000002c   Code   RO         8931    i.prvSampleTimeNow  timers.o
    0x080136d0   0x080136d0   0x000000a4   Code   RO         8932    i.prvSwitchTimerLists  timers.o
    0x08013774   0x08013774   0x00000040   Code   RO         9540    i.prvTaskExitError  port.o
    0x080137b4   0x080137b4   0x0000001a   Code   RO         8933    i.prvTimerTask      timers.o
    0x080137ce   0x080137ce   0x0000007e   Code   RO         8142    i.prvUnlockQueue    queue.o
    0x0801384c   0x0801384c   0x0000014c   Code   RO         9485    i.pvPortMalloc      heap_4.o
    0x08013998   0x08013998   0x0000002c   Code   RO         9541    i.pxPortInitialiseStack  port.o
    0x080139c4   0x080139c4   0x0000003e   Code   RO        13422    i.sqrtf             m_wv.l(sqrtf.o)
    0x08013a02   0x08013a02   0x00000028   Code   RO         8095    i.uxListRemove      list.o
    0x08013a2a   0x08013a2a   0x00000002   PAD
    0x08013a2c   0x08013a2c   0x00000018   Code   RO          418    i.vApplicationGetIdleTaskMemory  freertos.o
    0x08013a44   0x08013a44   0x00000018   Code   RO          419    i.vApplicationGetTimerTaskMemory  freertos.o
    0x08013a5c   0x08013a5c   0x0000001a   Code   RO         8096    i.vListInitialise   list.o
    0x08013a76   0x08013a76   0x00000006   Code   RO         8097    i.vListInitialiseItem  list.o
    0x08013a7c   0x08013a7c   0x00000034   Code   RO         8098    i.vListInsert       list.o
    0x08013ab0   0x08013ab0   0x00000018   Code   RO         8099    i.vListInsertEnd    list.o
    0x08013ac8   0x08013ac8   0x00000054   Code   RO         9543    i.vPortEnterCritical  port.o
    0x08013b1c   0x08013b1c   0x0000003c   Code   RO         9544    i.vPortExitCritical  port.o
    0x08013b58   0x08013b58   0x000000a4   Code   RO         9486    i.vPortFree         heap_4.o
    0x08013bfc   0x08013bfc   0x00000028   Code   RO         9545    i.vPortSetupTimerInterrupt  port.o
    0x08013c24   0x08013c24   0x00000078   Code   RO         9546    i.vPortValidateInterruptPriority  port.o
    0x08013c9c   0x08013c9c   0x0000002c   Code   RO         8148    i.vQueueAddToRegistry  queue.o
    0x08013cc8   0x08013cc8   0x0000004a   Code   RO         8152    i.vQueueWaitForMessageRestricted  queue.o
    0x08013d12   0x08013d12   0x00000002   PAD
    0x08013d14   0x08013d14   0x0000005c   Code   RO         8569    i.vTaskDelay        tasks.o
    0x08013d70   0x08013d70   0x00000018   Code   RO         8574    i.vTaskInternalSetTimeOutState  tasks.o
    0x08013d88   0x08013d88   0x0000000c   Code   RO         8575    i.vTaskMissedYield  tasks.o
    0x08013d94   0x08013d94   0x00000038   Code   RO         8577    i.vTaskPlaceOnEventList  tasks.o
    0x08013dcc   0x08013dcc   0x00000040   Code   RO         8578    i.vTaskPlaceOnEventListRestricted  tasks.o
    0x08013e0c   0x08013e0c   0x000000b8   Code   RO         8586    i.vTaskStartScheduler  tasks.o
    0x08013ec4   0x08013ec4   0x00000010   Code   RO         8588    i.vTaskSuspendAll   tasks.o
    0x08013ed4   0x08013ed4   0x0000008c   Code   RO         8589    i.vTaskSwitchContext  tasks.o
    0x08013f60   0x08013f60   0x0000005c   Code   RO           14    i.vofa_send_data    vofa.o
    0x08013fbc   0x08013fbc   0x00000060   Code   RO           15    i.vofa_sendframetail  vofa.o
    0x0801401c   0x0801401c   0x00000010   Code   RO           17    i.vofa_transmit     vofa.o
    0x0801402c   0x0801402c   0x00000168   Code   RO         9547    i.xPortStartScheduler  port.o
    0x08014194   0x08014194   0x000000e0   Code   RO         8158    i.xQueueGenericCreateStatic  queue.o
    0x08014274   0x08014274   0x00000098   Code   RO         8159    i.xQueueGenericReset  queue.o
    0x0801430c   0x0801430c   0x000001a8   Code   RO         8160    i.xQueueGenericSend  queue.o
    0x080144b4   0x080144b4   0x000000fc   Code   RO         8161    i.xQueueGenericSendFromISR  queue.o
    0x080145b0   0x080145b0   0x00000168   Code   RO         8170    i.xQueueReceive     queue.o
    0x08014718   0x08014718   0x0000008c   Code   RO         8591    i.xTaskCheckForTimeOut  tasks.o
    0x080147a4   0x080147a4   0x00000064   Code   RO         8592    i.xTaskCreate       tasks.o
    0x08014808   0x08014808   0x000000ba   Code   RO         8593    i.xTaskCreateStatic  tasks.o
    0x080148c2   0x080148c2   0x00000002   PAD
    0x080148c4   0x080148c4   0x00000020   Code   RO         8597    i.xTaskGetSchedulerState  tasks.o
    0x080148e4   0x080148e4   0x0000000c   Code   RO         8598    i.xTaskGetTickCount  tasks.o
    0x080148f0   0x080148f0   0x00000148   Code   RO         8600    i.xTaskIncrementTick  tasks.o
    0x08014a38   0x08014a38   0x000000c8   Code   RO         8603    i.xTaskPriorityDisinherit  tasks.o
    0x08014b00   0x08014b00   0x00000098   Code   RO         8605    i.xTaskRemoveFromEventList  tasks.o
    0x08014b98   0x08014b98   0x00000104   Code   RO         8606    i.xTaskResumeAll    tasks.o
    0x08014c9c   0x08014c9c   0x00000078   Code   RO         8942    i.xTimerCreateTimerTask  timers.o
    0x08014d14   0x08014d14   0x00000084   Code   RO         8943    i.xTimerGenericCommand  timers.o
    0x08014d98   0x08014d98   0x0000008c   Data   RO          421    .constdata          freertos.o
    0x08014e24   0x08014e24   0x00000008   Data   RO         3846    .constdata          stm32h7xx_hal_dma.o
    0x08014e2c   0x08014e2c   0x0000005c   Data   RO         6264    .constdata          stm32h7xx_hal_fdcan.o
    0x08014e88   0x08014e88   0x00000018   Data   RO         7455    .constdata          stm32h7xx_hal_uart.o
    0x08014ea0   0x08014ea0   0x00000010   Data   RO         7826    .constdata          stm32h7xx_hal_uart_ex.o
    0x08014eb0   0x08014eb0   0x00000010   Data   RO         7935    .constdata          system_stm32h7xx.o
    0x08014ec0   0x08014ec0   0x00003814   Data   RO        10164    .constdata          lcd.o
    0x080186d4   0x080186d4   0x00000c80   Data   RO        10670    .constdata          lcd_task.o
    0x08019354   0x08019354   0x0000002c   Data   RO          422    .conststring        freertos.o
    0x08019380   0x08019380   0x00000020   Data   RO        13893    Region$$Table       anon$$obj.o


    Execution Region RW_IRAM1 (Exec base: 0x20000000, Load base: 0x080193a0, Size: 0x00000000, Max: 0x00020000, ABSOLUTE)

    **** No section assigned to this execution region ****


    Execution Region RW_IRAM2 (Exec base: 0x24000000, Load base: 0x080193a0, Size: 0x000091f8, Max: 0x00050000, ABSOLUTE, COMPRESSED[0x0000010c])

    Exec Addr    Load Addr    Size         Type   Attr      Idx    E Section Name        Object

    0x24000000   COMPRESSED   0x00000008   Data   RW           19    .data               vofa.o
    0x24000008   COMPRESSED   0x00000014   Data   RW          423    .data               freertos.o
    0x2400001c   COMPRESSED   0x00000004   Data   RW          564    .data               fdcan.o
    0x24000020   COMPRESSED   0x0000005e   Data   RW         1102    .data               usbd_desc.o
    0x2400007e   COMPRESSED   0x00000002   PAD
    0x24000080   COMPRESSED   0x00000014   Data   RW         1194    .data               usbd_cdc_if.o
    0x24000094   COMPRESSED   0x00000009   Data   RW         4736    .data               stm32h7xx_hal.o
    0x2400009d   COMPRESSED   0x00000003   PAD
    0x240000a0   COMPRESSED   0x00000008   Data   RW         7936    .data               system_stm32h7xx.o
    0x240000a8   COMPRESSED   0x0000003c   Data   RW         8609    .data               tasks.o
    0x240000e4   COMPRESSED   0x00000014   Data   RW         8951    .data               timers.o
    0x240000f8   COMPRESSED   0x00000020   Data   RW         9492    .data               heap_4.o
    0x24000118   COMPRESSED   0x0000000c   Data   RW         9548    .data               port.o
    0x24000124   COMPRESSED   0x00000001   Data   RW         9799    .data               usbd_ctlreq.o
    0x24000125   COMPRESSED   0x00000003   PAD
    0x24000128   COMPRESSED   0x0000008a   Data   RW         9970    .data               usbd_cdc.o
    0x240001b2   COMPRESSED   0x00000002   PAD
    0x240001b4   COMPRESSED   0x00000008   Data   RW        10065    .data               bsp_user_key.o
    0x240001bc   COMPRESSED   0x00000001   Data   RW        10098    .data               bsp_buzzer.o
    0x240001bd   COMPRESSED   0x00000003   PAD
    0x240001c0   COMPRESSED   0x0000002c   Data   RW        10341    .data               bmi088driver.o
    0x240001ec   COMPRESSED   0x00000018   Data   RW        10484    .data               can_bsp.o
    0x24000204   COMPRESSED   0x00000008   Data   RW        10640    .data               key_task.o
    0x2400020c   COMPRESSED   0x00000014   Data   RW        10708    .data               imu_task.o
    0x24000220   COMPRESSED   0x00000020   Data   RW        10761    .data               fun_test_task.o
    0x24000240   COMPRESSED   0x00000014   Data   RW        10795    .data               mahonyahrs.o
    0x24000254   COMPRESSED   0x00000004   Data   RW        13854    .data               mc_w.l(errno.o)
    0x24000258        -       0x00000400   Zero   RW           18    .bss                vofa.o
    0x24000658        -       0x00002028   Zero   RW          420    .bss                freertos.o
    0x24002680        -       0x000000e8   Zero   RW          495    .bss                adc.o
    0x24002768        -       0x000001e0   Zero   RW          563    .bss                fdcan.o
    0x24002948        -       0x0000005c   Zero   RW          616    .bss                octospi.o
    0x240029a4        -       0x00000198   Zero   RW          660    .bss                spi.o
    0x24002b3c        -       0x00000130   Zero   RW          716    .bss                tim.o
    0x24002c6c        -       0x000002e4   Zero   RW          783    .bss                usart.o
    0x24002f50        -       0x0000004c   Zero   RW         1020    .bss                stm32h7xx_hal_timebase_tim.o
    0x24002f9c        -       0x000002dc   Zero   RW         1057    .bss                usb_device.o
    0x24003278        -       0x00000200   Zero   RW         1101    .bss                usbd_desc.o
    0x24003478        -       0x00001000   Zero   RW         1193    .bss                usbd_cdc_if.o
    0x24004478        -       0x00000704   Zero   RW         1279    .bss                usbd_conf.o
    0x24004b7c        -       0x00000040   Zero   RW         8174    .bss                queue.o
    0x24004bbc        -       0x000000f0   Zero   RW         8608    .bss                tasks.o
    0x24004cac        -       0x00000118   Zero   RW         8950    .bss                timers.o
    0x24004dc4        -       0x00003c00   Zero   RW         9491    .bss                heap_4.o
    0x240089c4        -       0x00000034   Zero   RW        10707    .bss                imu_task.o
    0x240089f8        -       0x00000800   Zero   RW            1    STACK               startup_stm32h723xx.o


==============================================================================

Image component sizes


      Code (inc. data)   RO Data    RW Data    ZI Data      Debug   Object Name

       500         42          0          0        232       2319   adc.o
      1030         20          0         44          0       6662   bmi088driver.o
       216         28          0          0          0       5012   bmi088middleware.o
        88         28          0          1          0       2227   bsp_buzzer.o
       124         12          0          8          0       1449   bsp_user_key.o
       334         54          0         24          0       5641   can_bsp.o
       142          0          0          0          0      23423   cmsis_os.o
        52          4          0          0          0        954   dma.o
         0          0          0          0          0      19968   event_groups.o
       936         56          0          4        480       3713   fdcan.o
       214         44        184         20       8232       4347   freertos.o
       520        180          0         32          0       2514   fun_test_task.o
       480         24          0          0          0       1379   gpio.o
       724         74          0         32      15360       5199   heap_4.o
       712         68          0         20         52       3678   imu_task.o
       120         20          0          8          0       1475   key_task.o
      3128         58      14356          0          0      17545   lcd.o
       200         30       3200          0          0       1119   lcd_task.o
       148          0          0          0          0       3910   list.o
       820         38          0         20          0       2342   mahonyahrs.o
       634         20          0          0          0      71791   main.o
       680         62          0          0         92       3152   octospi.o
      1014         92          0         12          0      12577   port.o
      1922         20          0          0         64      18088   queue.o
       892         60          0          0        408       3643   spi.o
        36          8        716          0       2048        872   startup_stm32h723xx.o
       192         40          0          9          0      23974   stm32h7xx_hal.o
      4420        310          0          0          0      86380   stm32h7xx_hal_adc.o
       560         30          0          0          0      68965   stm32h7xx_hal_adc_ex.o
       258         22          0          0          0      39490   stm32h7xx_hal_cortex.o
      8650        164          8          0          0      13826   stm32h7xx_hal_dma.o
      3640         54         92          0          0      24225   stm32h7xx_hal_fdcan.o
       888         96          0          0          0       3977   stm32h7xx_hal_gpio.o
        48          6          0          0          0       1010   stm32h7xx_hal_msp.o
      2430         38          0          0          0       6719   stm32h7xx_hal_ospi.o
      3630         16          0          0          0      14468   stm32h7xx_hal_pcd.o
       130          4          0          0          0       3389   stm32h7xx_hal_pcd_ex.o
       116         12          0          0          0       1414   stm32h7xx_hal_pwr_ex.o
      3684        134          0          0          0       8825   stm32h7xx_hal_rcc.o
      7664        184          0          0          0      11007   stm32h7xx_hal_rcc_ex.o
      2538         26          0          0          0       7292   stm32h7xx_hal_spi.o
      2728        284          0          0          0      15249   stm32h7xx_hal_tim.o
       434         46          0          0          0       4380   stm32h7xx_hal_tim_ex.o
       148         20          0          0         76       1712   stm32h7xx_hal_timebase_tim.o
      5912        208         24          0          0      39302   stm32h7xx_hal_uart.o
       512         14         16          0          0       6821   stm32h7xx_hal_uart_ex.o
       246         84          0          0          0      10530   stm32h7xx_it.o
      3906         90          0          0          0      24044   stm32h7xx_ll_usb.o
         0          0          0          0          0        408   stream_buffer.o
       224         32         16          8          0       1514   system_stm32h7xx.o
      2872        346          0         60        240      28582   tasks.o
      1088         78          0          0        304       5156   tim.o
      1318        124          0         20        280      31483   timers.o
      1380         88          0          0        740       5242   usart.o
        80         16          0          0        732        856   usb_device.o
      1782         54          0        138          0      15033   usbd_cdc.o
       204         22          0         20       4096       4672   usbd_cdc_if.o
       956         30          0          0       1796      18688   usbd_conf.o
      1354          0          0          0          0      17481   usbd_core.o
      2416         22          0          1          0      18720   usbd_ctlreq.o
       386        122          0         94        512       7465   usbd_desc.o
       174          0          0          0          0       5084   usbd_ioreq.o
       204         20          0          8       1024    1322904   vofa.o
       176          6          0          0          0        902   ws2812.o

    ----------------------------------------------------------------------
     83082       3884      18644        596      36768    2126188   Object Totals
         0          0         32          0          0          0   (incl. Generated)
        68          0          0         13          0          0   (incl. Padding)

    ----------------------------------------------------------------------

      Code (inc. data)   RO Data    RW Data    ZI Data      Debug   Library Member Name

       312         54          0          0          0        176   asinf.o
       692         98          0          0          0        208   atan2f.o
        38          0          0          0          0        116   fpclassifyf.o
        44         12          0          0          0        464   funder.o
        62          0          0          0          0        136   sqrtf.o
        86          0          0          0          0          0   __dczerorl2.o
         0          0          0          0          0          0   entry.o
         0          0          0          0          0          0   entry10a.o
         0          0          0          0          0          0   entry11a.o
         4          0          0          0          0          0   entry12b.o
         8          4          0          0          0          0   entry2.o
         4          0          0          0          0          0   entry5.o
         0          0          0          0          0          0   entry7b.o
         0          0          0          0          0          0   entry8b.o
         8          4          0          0          0          0   entry9a.o
        12          6          0          4          0         68   errno.o
        30          0          0          0          0          0   handlers.o
        36          8          0          0          0         68   init.o
         0          0          0          0          0          0   iusefp.o
        30          0          0          0          0         68   llshl.o
        32          0          0          0          0         68   llushr.o
        26          0          0          0          0         80   memcmp.o
        36          0          0          0          0         68   memcpya.o
        36          0          0          0          0        108   memseta.o
        98          0          0          0          0         92   uldiv.o

    ----------------------------------------------------------------------
      1602        186          0          4          0       1720   Library Totals
         8          0          0          0          0          0   (incl. Padding)

    ----------------------------------------------------------------------

      Code (inc. data)   RO Data    RW Data    ZI Data      Debug   Library Name

      1148        164          0          0          0       1100   m_wv.l
       446         22          0          4          0        620   mc_w.l

    ----------------------------------------------------------------------
      1602        186          0          4          0       1720   Library Totals

    ----------------------------------------------------------------------

==============================================================================


      Code (inc. data)   RO Data    RW Data    ZI Data      Debug   

     84684       4070      18644        600      36768    2078484   Grand Totals
     84684       4070      18644        268      36768    2078484   ELF Image Totals (compressed)
     84684       4070      18644        268          0          0   ROM Totals

==============================================================================

    Total RO  Size (Code + RO Data)               103328 ( 100.91kB)
    Total RW  Size (RW Data + ZI Data)             37368 (  36.49kB)
    Total ROM Size (Code + RO Data + RW Data)     103596 ( 101.17kB)

==============================================================================

