<html>
<body>
<pre>
<h1>µVision Build Log</h1>
<h2>Tool Versions:</h2>
IDE-Version: ¦ÌVision V5.41.0.0
Copyright (C) 2024 ARM Ltd and ARM Germany GmbH. All rights reserved.
License Information: ynz ynz, ynz, LIC=8VRJ7-E2UUZ-QDZKD-8H49J-IZFPR-5UWXG
 
Tool Versions:
Toolchain:       MDK-ARM Plus  Version: 5.41.0.0
Toolchain Path:  D:\keil\keil_core\ARM\armcc_5\Bin
C Compiler:      Armcc.exe V5.06 update 7 (build 960)
Assembler:       Armasm.exe V5.06 update 7 (build 960)
Linker/Locator:  ArmLink.exe V5.06 update 7 (build 960)
Library Manager: ArmAr.exe V5.06 update 7 (build 960)
Hex Converter:   FromElf.exe V5.06 update 7 (build 960)
CPU DLL:         SARMCM3.DLL V5.41.0.0
Dialog DLL:      DCM.DLL V1.17.5.0
Target DLL:      Segger\JL2CM3.dll V2.99.45.0
Dialog DLL:      TCM.DLL V1.56.4.0
 
<h2>Project:</h2>
C:\Users\ynz\Desktop\zzzzzzzz\0~0Hal_zzzz\h723(DM_Borad)\CtrBoard-H7_ALL\MDK-ARM\CtrBoard-H7_ALL.uvprojx
Project File Date:  09/05/2026

<h2>Output:</h2>
*** Using Compiler 'V5.06 update 7 (build 960)', folder: 'D:\keil\keil_core\ARM\armcc_5\Bin'
Build target 'CtrBoard-H7_ALL'
assembling startup_stm32h723xx.s...
compiling stm32h7xx_hal_msp.c...
compiling tim.c...
compiling adc.c...
compiling fdcan.c...
compiling stm32h7xx_hal_timebase_tim.c...
compiling main.c...
compiling octospi.c...
compiling stm32h7xx_it.c...
compiling spi.c...
compiling usbd_desc.c...
compiling gpio.c...
compiling freertos.c...
compiling vofa.c...
compiling dma.c...
compiling usb_device.c...
compiling usart.c...
compiling stm32h7xx_hal_tim_ex.c...
compiling stm32h7xx_hal_flash.c...
compiling stm32h7xx_ll_usb.c...
compiling stm32h7xx_hal_rcc.c...
compiling stm32h7xx_hal_pcd.c...
compiling stm32h7xx_hal_mdma.c...
compiling stm32h7xx_hal_tim.c...
compiling stm32h7xx_hal_rcc_ex.c...
compiling stm32h7xx_hal_flash_ex.c...
compiling stm32h7xx_hal_hsem.c...
compiling usbd_conf.c...
compiling stm32h7xx_hal_gpio.c...
compiling stm32h7xx_hal_dma.c...
compiling stm32h7xx_hal_pcd_ex.c...
compiling usbd_cdc_if.c...
compiling stm32h7xx_hal_pwr.c...
compiling stm32h7xx_hal_dma_ex.c...
compiling croutine.c...
compiling event_groups.c...
compiling list.c...
compiling queue.c...
compiling stream_buffer.c...
compiling tasks.c...
compiling stm32h7xx_hal_cortex.c...
compiling stm32h7xx_hal_exti.c...
compiling timers.c...
compiling heap_4.c...
compiling port.c...
compiling cmsis_os.c...
compiling stm32h7xx_hal.c...
compiling stm32h7xx_hal_i2c_ex.c...
compiling stm32h7xx_hal_i2c.c...
compiling stm32h7xx_hal_pwr_ex.c...
compiling stm32h7xx_hal_spi.c...
compiling stm32h7xx_hal_adc.c...
compiling stm32h7xx_hal_ospi.c...
compiling stm32h7xx_hal_spi_ex.c...
compiling system_stm32h7xx.c...
compiling stm32h7xx_hal_uart_ex.c...
compiling stm32h7xx_hal_fdcan.c...
compiling stm32h7xx_hal_adc_ex.c...
compiling stm32h7xx_hal_uart.c...
compiling usbd_core.c...
compiling MahonyAHRS.c...
compiling user_lib.c...
compiling jump.c...
compiling BMI088driver.c...
compiling bsp_buzzer.c...
compiling jump_data.c...
compiling lcd.c...
compiling jump_data_params.c...
compiling pin_data.c...
compiling usbd_ioreq.c...
compiling pin.c...
compiling pin_data_params.c...
compiling stable.c...
compiling stable_data.c...
compiling stable_data_params.c...
compiling upstairs_data.c...
compiling upstairs.c...
compiling upstairs_data_params.c...
compiling usbd_ctlreq.c...
compiling can_bsp.c...
compiling bsp_user_key.c...
compiling usbd_cdc.c...
compiling w25q64.c...
compiling BMI088Middleware.c...
compiling imu_task.c...
compiling lcd_task.c...
compiling key_task.c...
compiling fun_test_task.c...
compiling ws2812.c...
..\Bsp\ws2812.c(23): warning:  #1-D: last line of file ends without a newline
  }
..\Bsp\ws2812.c: 1 warning, 0 errors
linking...
Program Size: Code=84684 RO-data=18644 RW-data=600 ZI-data=36768  
FromELF: creating hex file...
"CtrBoard-H7_ALL\CtrBoard-H7_ALL.axf" - 0 Error(s), 1 Warning(s).

<h2>Software Packages used:</h2>

Package Vendor: ARM
                https://www.keil.com/pack/ARM.CMSIS.6.1.0.pack
                ARM::CMSIS@6.1.0
                CMSIS (Common Microcontroller Software Interface Standard)
   * Component: CORE Version: 6.1.0

Package Vendor: Keil
                https://www.keil.com/pack/Keil.STM32H7xx_DFP.4.1.3.pack
                Keil::STM32H7xx_DFP@4.1.3
                STMicroelectronics STM32H7 Series Device Support

<h2>Collection of Component include folders:</h2>
  ./RTE/_CtrBoard-H7_ALL
  D:/keil/keil_pack/ARM/CMSIS/6.1.0/CMSIS/Core/Include

<h2>Collection of Component Files used:</h2>

   * Component: ARM::CMSIS:CORE@6.1.0
      Include file:  CMSIS/Core/Include/tz_context.h
Build Time Elapsed:  00:01:01
</pre>
</body>
</html>
